Component: ARM Compiler 5.06 update 4 (build 422) Tool: armlink [4d35d2]

==============================================================================

Section Cross References

    startup_stm32f427xx.o(RESET) refers to startup_stm32f427xx.o(STACK) for __initial_sp
    startup_stm32f427xx.o(RESET) refers to startup_stm32f427xx.o(.text) for Reset_Handler
    startup_stm32f427xx.o(RESET) refers to stm32f4xx_it.o(i.NMI_Handler) for NMI_Handler
    startup_stm32f427xx.o(RESET) refers to stm32f4xx_it.o(i.HardFault_Handler) for HardFault_Handler
    startup_stm32f427xx.o(RESET) refers to stm32f4xx_it.o(i.MemManage_Handler) for MemManage_Handler
    startup_stm32f427xx.o(RESET) refers to stm32f4xx_it.o(i.BusFault_Handler) for BusFault_Handler
    startup_stm32f427xx.o(RESET) refers to stm32f4xx_it.o(i.UsageFault_Handler) for UsageFault_Handler
    startup_stm32f427xx.o(RESET) refers to stm32f4xx_it.o(i.SVC_Handler) for SVC_Handler
    startup_stm32f427xx.o(RESET) refers to stm32f4xx_it.o(i.DebugMon_Handler) for DebugMon_Handler
    startup_stm32f427xx.o(RESET) refers to stm32f4xx_it.o(i.PendSV_Handler) for PendSV_Handler
    startup_stm32f427xx.o(RESET) refers to stm32f4xx_it.o(i.SysTick_Handler) for SysTick_Handler
    startup_stm32f427xx.o(RESET) refers to stm32f4xx_it.o(i.EXTI1_IRQHandler) for EXTI1_IRQHandler
    startup_stm32f427xx.o(RESET) refers to stm32f4xx_it.o(i.CAN1_TX_IRQHandler) for CAN1_TX_IRQHandler
    startup_stm32f427xx.o(RESET) refers to stm32f4xx_it.o(i.CAN1_RX0_IRQHandler) for CAN1_RX0_IRQHandler
    startup_stm32f427xx.o(RESET) refers to stm32f4xx_it.o(i.USART1_IRQHandler) for USART1_IRQHandler
    startup_stm32f427xx.o(RESET) refers to stm32f4xx_it.o(i.USART2_IRQHandler) for USART2_IRQHandler
    startup_stm32f427xx.o(RESET) refers to stm32f4xx_it.o(i.USART3_IRQHandler) for USART3_IRQHandler
    startup_stm32f427xx.o(RESET) refers to stm32f4xx_it.o(i.TIM6_DAC_IRQHandler) for TIM6_DAC_IRQHandler
    startup_stm32f427xx.o(RESET) refers to stm32f4xx_it.o(i.DMA2_Stream2_IRQHandler) for DMA2_Stream2_IRQHandler
    startup_stm32f427xx.o(RESET) refers to stm32f4xx_it.o(i.CAN2_TX_IRQHandler) for CAN2_TX_IRQHandler
    startup_stm32f427xx.o(RESET) refers to stm32f4xx_it.o(i.CAN2_RX0_IRQHandler) for CAN2_RX0_IRQHandler
    startup_stm32f427xx.o(RESET) refers to stm32f4xx_it.o(i.OTG_FS_IRQHandler) for OTG_FS_IRQHandler
    startup_stm32f427xx.o(RESET) refers to stm32f4xx_it.o(i.USART6_IRQHandler) for USART6_IRQHandler
    startup_stm32f427xx.o(.text) refers to system_stm32f4xx.o(i.SystemInit) for SystemInit
    startup_stm32f427xx.o(.text) refers to entry.o(.ARM.Collect$$$$00000000) for __main
    stm32f4xx_hal_pcd.o(i.HAL_PCD_DeInit) refers to stm32f4xx_hal_pcd.o(i.HAL_PCD_Stop) for HAL_PCD_Stop
    stm32f4xx_hal_pcd.o(i.HAL_PCD_DeInit) refers to usbd_conf.o(i.HAL_PCD_MspDeInit) for HAL_PCD_MspDeInit
    stm32f4xx_hal_pcd.o(i.HAL_PCD_DevConnect) refers to stm32f4xx_ll_usb.o(i.USB_DevConnect) for USB_DevConnect
    stm32f4xx_hal_pcd.o(i.HAL_PCD_DevDisconnect) refers to stm32f4xx_ll_usb.o(i.USB_DevDisconnect) for USB_DevDisconnect
    stm32f4xx_hal_pcd.o(i.HAL_PCD_EP_Close) refers to stm32f4xx_ll_usb.o(i.USB_DeactivateEndpoint) for USB_DeactivateEndpoint
    stm32f4xx_hal_pcd.o(i.HAL_PCD_EP_ClrStall) refers to stm32f4xx_ll_usb.o(i.USB_EPClearStall) for USB_EPClearStall
    stm32f4xx_hal_pcd.o(i.HAL_PCD_EP_Flush) refers to stm32f4xx_ll_usb.o(i.USB_FlushTxFifo) for USB_FlushTxFifo
    stm32f4xx_hal_pcd.o(i.HAL_PCD_EP_Flush) refers to stm32f4xx_ll_usb.o(i.USB_FlushRxFifo) for USB_FlushRxFifo
    stm32f4xx_hal_pcd.o(i.HAL_PCD_EP_Open) refers to stm32f4xx_ll_usb.o(i.USB_ActivateEndpoint) for USB_ActivateEndpoint
    stm32f4xx_hal_pcd.o(i.HAL_PCD_EP_Receive) refers to stm32f4xx_ll_usb.o(i.USB_EPStartXfer) for USB_EPStartXfer
    stm32f4xx_hal_pcd.o(i.HAL_PCD_EP_Receive) refers to stm32f4xx_ll_usb.o(i.USB_EP0StartXfer) for USB_EP0StartXfer
    stm32f4xx_hal_pcd.o(i.HAL_PCD_EP_SetStall) refers to stm32f4xx_ll_usb.o(i.USB_EPSetStall) for USB_EPSetStall
    stm32f4xx_hal_pcd.o(i.HAL_PCD_EP_SetStall) refers to stm32f4xx_ll_usb.o(i.USB_EP0_OutStart) for USB_EP0_OutStart
    stm32f4xx_hal_pcd.o(i.HAL_PCD_EP_Transmit) refers to stm32f4xx_ll_usb.o(i.USB_EPStartXfer) for USB_EPStartXfer
    stm32f4xx_hal_pcd.o(i.HAL_PCD_EP_Transmit) refers to stm32f4xx_ll_usb.o(i.USB_EP0StartXfer) for USB_EP0StartXfer
    stm32f4xx_hal_pcd.o(i.HAL_PCD_IRQHandler) refers to stm32f4xx_ll_usb.o(i.USB_GetMode) for USB_GetMode
    stm32f4xx_hal_pcd.o(i.HAL_PCD_IRQHandler) refers to stm32f4xx_ll_usb.o(i.USB_ReadInterrupts) for USB_ReadInterrupts
    stm32f4xx_hal_pcd.o(i.HAL_PCD_IRQHandler) refers to stm32f4xx_ll_usb.o(i.USB_ReadDevAllOutEpInterrupt) for USB_ReadDevAllOutEpInterrupt
    stm32f4xx_hal_pcd.o(i.HAL_PCD_IRQHandler) refers to stm32f4xx_ll_usb.o(i.USB_ReadDevOutEPInterrupt) for USB_ReadDevOutEPInterrupt
[...]
    yaw_speed_integral                       0x20000264   Data           2  yaw_contral.o(.data)
    yaw_Speed_diff_except                    0x20000266   Data           2  yaw_contral.o(.data)
    except_v_last                            0x20000268   Data           2  yaw_contral.o(.data)
    yaw_Location_diff_feedback               0x20000278   Data           4  yaw_contral.o(.data)
    read_imu_last                            0x2000027c   Data           4  yaw_contral.o(.data)
    yaw_Location_diff_except                 0x20000280   Data           4  yaw_contral.o(.data)
    except_imu_last                          0x20000284   Data           4  yaw_contral.o(.data)
    yaw_Location_integral                    0x20000288   Data           4  yaw_contral.o(.data)
    AdjustVar1                               0x20000290   Data           8  yaw_contral.o(.data)
    PreOptimalVar                            0x20000298   Data           8  yaw_contral.o(.data)
    CurMeasVar                               0x200002a0   Data           8  yaw_contral.o(.data)
    CurEstimateVar                           0x200002a8   Data           8  yaw_contral.o(.data)
    CurOptimalVar                            0x200002b0   Data           8  yaw_contral.o(.data)
    CurSysCoVar                              0x200002b8   Data           8  yaw_contral.o(.data)
    PreSysCoVar                              0x200002c0   Data           8  yaw_contral.o(.data)
    KalmanGain                               0x200002c8   Data           8  yaw_contral.o(.data)
    AdjustVar1                               0x200002d0   Data           8  yaw_contral.o(.data)
    PreOptimalVar                            0x200002d8   Data           8  yaw_contral.o(.data)
    CurMeasVar                               0x200002e0   Data           8  yaw_contral.o(.data)
    CurEstimateVar                           0x200002e8   Data           8  yaw_contral.o(.data)
    CurOptimalVar                            0x200002f0   Data           8  yaw_contral.o(.data)
    CurSysCoVar                              0x200002f8   Data           8  yaw_contral.o(.data)
    PreSysCoVar                              0x20000300   Data           8  yaw_contral.o(.data)
    KalmanGain                               0x20000308   Data           8  yaw_contral.o(.data)
    .data                                    0x20000310   Section        4  mvars.o(.data)
    .data                                    0x20000314   Section        4  mvars.o(.data)
    .bss                                     0x20000318   Section      352  usart.o(.bss)
    .bss                                     0x20000478   Section       48  stm32f4xx_it.o(.bss)
    .bss                                     0x200004a8   Section      548  usb_device.o(.bss)
    .bss                                     0x200006cc   Section      952  usbd_conf.o(.bss)
    .bss                                     0x20000a84   Section      128  usbd_desc.o(.bss)
    .bss                                     0x20000b04   Section       78  main.o(.bss)
    Speed_Last_Least                         0x20000b04   Data          20  main.o(.bss)
    .bss                                     0x20000b54   Section      128  can.o(.bss)
    .bss                                     0x20000bd4   Section       88  spi.o(.bss)
    .bss                                     0x20000c2c   Section      420  tim.o(.bss)
    .bss                                     0x20000dd0   Section      128  test_can.o(.bss)
    Tx1Message                               0x20000dd0   Data          28  test_can.o(.bss)
    Rx1Message                               0x20000dec   Data          36  test_can.o(.bss)
    Tx2Message                               0x20000e10   Data          28  test_can.o(.bss)
    Rx2Message                               0x20000e2c   Data          36  test_can.o(.bss)
    .bss                                     0x20000e50   Section      241  test_uart.o(.bss)
    HEAP                                     0x20000f48   Section     4096  startup_stm32f427xx.o(HEAP)
    STACK                                    0x20001f48   Section     1024  startup_stm32f427xx.o(STACK)

    Global Symbols

    Symbol Name                              Value     Ov Type        Size  Object(Section)

    BuildAttributes$$THM_ISAv4$E$P$D$K$B$S$7EM$VFPi3$EXTD16$VFPS$VFMA$PE$A:L22UL41UL21$X:L11$S22US41US21$IEEE1$IW$USESV6$~STKCKD$USESV7$~SHL$OTIME$ROPI$EBA8$MICROLIB$REQ8$PRES8$EABIv2 0x00000000   Number         0  anon$$obj.o ABSOLUTE
    __ARM_use_no_argv                        0x00000000   Number         0  main.o ABSOLUTE
    _printf_a                                0x00000000   Number         0  stubs.o ABSOLUTE
    _printf_c                                0x00000000   Number         0  stubs.o ABSOLUTE
    _printf_charcount                        0x00000000   Number         0  stubs.o ABSOLUTE
    _printf_d                                0x00000000   Number         0  stubs.o ABSOLUTE
    _printf_e                                0x00000000   Number         0  stubs.o ABSOLUTE
    _printf_f                                0x00000000   Number         0  stubs.o ABSOLUTE
    _printf_flags                            0x00000000   Number         0  stubs.o ABSOLUTE
    _printf_fp_dec                           0x00000000   Number         0  stubs.o ABSOLUTE
    _printf_fp_hex                           0x00000000   Number         0  stubs.o ABSOLUTE
    _printf_g                                0x00000000   Number         0  stubs.o ABSOLUTE
    _printf_i                                0x00000000   Number         0  stubs.o ABSOLUTE
    _printf_int_dec                          0x00000000   Number         0  stubs.o ABSOLUTE
    _printf_l                                0x00000000   Number         0  stubs.o ABSOLUTE
    _printf_lc                               0x00000000   Number         0  stubs.o ABSOLUTE
    _printf_ll                               0x00000000   Number         0  stubs.o ABSOLUTE
    _printf_lld                              0x00000000   Number         0  stubs.o ABSOLUTE
    _printf_lli                              0x00000000   Number         0  stubs.o ABSOLUTE
    _printf_llo                              0x00000000   Number         0  stubs.o ABSOLUTE
    _printf_llu                              0x00000000   Number         0  stubs.o ABSOLUTE
    _printf_llx                              0x00000000   Number         0  stubs.o ABSOLUTE
    _printf_longlong_dec                     0x00000000   Number         0  stubs.o ABSOLUTE
    _printf_longlong_hex                     0x00000000   Number         0  stubs.o ABSOLUTE
    _printf_longlong_oct                     0x00000000   Number         0  stubs.o ABSOLUTE
    _printf_ls                               0x00000000   Number         0  stubs.o ABSOLUTE
    _printf_mbtowc                           0x00000000   Number         0  stubs.o ABSOLUTE
    _printf_n                                0x00000000   Number         0  stubs.o ABSOLUTE
    _printf_o                                0x00000000   Number         0  stubs.o ABSOLUTE
    _printf_p                                0x00000000   Number         0  stubs.o ABSOLUTE
    _printf_percent                          0x00000000   Number         0  stubs.o ABSOLUTE
    _printf_pre_padding                      0x00000000   Number         0  stubs.o ABSOLUTE
    _printf_return_value                     0x00000000   Number         0  stubs.o ABSOLUTE
    _printf_s                                0x00000000   Number         0  stubs.o ABSOLUTE
    _printf_sizespec                         0x00000000   Number         0  stubs.o ABSOLUTE
    _printf_str                              0x00000000   Number         0  stubs.o ABSOLUTE
    _printf_truncate_signed                  0x00000000   Number         0  stubs.o ABSOLUTE
    _printf_truncate_unsigned                0x00000000   Number         0  stubs.o ABSOLUTE
    _printf_u                                0x00000000   Number         0  stubs.o ABSOLUTE
    _printf_wc                               0x00000000   Number         0  stubs.o ABSOLUTE
    _printf_wctomb                           0x00000000   Number         0  stubs.o ABSOLUTE
    _printf_widthprec                        0x00000000   Number         0  stubs.o ABSOLUTE
    _printf_x                                0x00000000   Number         0  stubs.o ABSOLUTE
    __cpp_initialize__aeabi_                  - Undefined Weak Reference
    __cxa_finalize                            - Undefined Weak Reference
    _clock_init                               - Undefined Weak Reference
    _microlib_exit                            - Undefined Weak Reference
    __Vectors_Size                           0x000001ac   Number         0  startup_stm32f427xx.o ABSOLUTE
    __Vectors                                0x08000000   Data           4  startup_stm32f427xx.o(RESET)
    __Vectors_End                            0x080001ac   Data           0  startup_stm32f427xx.o(RESET)
    __main                                   0x080001ad   Thumb Code     0  entry.o(.ARM.Collect$$$$00000000)
    _main_stk                                0x080001ad   Thumb Code     0  entry2.o(.ARM.Collect$$$$00000001)
    _main_scatterload                        0x080001b1   Thumb Code     0  entry5.o(.ARM.Collect$$$$00000004)
    __main_after_scatterload                 0x080001b5   Thumb Code     0  entry5.o(.ARM.Collect$$$$00000004)
    _main_clock                              0x080001b5   Thumb Code     0  entry7b.o(.ARM.Collect$$$$00000008)
    _main_cpp_init                           0x080001b5   Thumb Code     0  entry8b.o(.ARM.Collect$$$$0000000A)
    _main_init                               0x080001b5   Thumb Code     0  entry9a.o(.ARM.Collect$$$$0000000B)
    __rt_final_cpp                           0x080001bd   Thumb Code     0  entry10a.o(.ARM.Collect$$$$0000000D)
    __rt_final_exit                          0x080001bd   Thumb Code     0  entry11a.o(.ARM.Collect$$$$0000000F)
    Reset_Handler                            0x080001c1   Thumb Code     8  startup_stm32f427xx.o(.text)
    ADC_IRQHandler                           0x080001db   Thumb Code     0  startup_stm32f427xx.o(.text)
    CAN1_RX1_IRQHandler                      0x080001db   Thumb Code     0  startup_stm32f427xx.o(.text)
    CAN1_SCE_IRQHandler                      0x080001db   Thumb Code     0  startup_stm32f427xx.o(.text)
    CAN2_RX1_IRQHandler                      0x080001db   Thumb Code     0  startup_stm32f427xx.o(.text)
    CAN2_SCE_IRQHandler                      0x080001db   Thumb Code     0  startup_stm32f427xx.o(.text)
    DCMI_IRQHandler                          0x080001db   Thumb Code     0  startup_stm32f427xx.o(.text)
    DMA1_Stream0_IRQHandler                  0x080001db   Thumb Code     0  startup_stm32f427xx.o(.text)
    DMA1_Stream1_IRQHandler                  0x080001db   Thumb Code     0  startup_stm32f427xx.o(.text)
    DMA1_Stream2_IRQHandler                  0x080001db   Thumb Code     0  startup_stm32f427xx.o(.text)
    DMA1_Stream3_IRQHandler                  0x080001db   Thumb Code     0  startup_stm32f427xx.o(.text)
    DMA1_Stream4_IRQHandler                  0x080001db   Thumb Code     0  startup_stm32f427xx.o(.text)
    DMA1_Stream5_IRQHandler                  0x080001db   Thumb Code     0  startup_stm32f427xx.o(.text)
    DMA1_Stream6_IRQHandler                  0x080001db   Thumb Code     0  startup_stm32f427xx.o(.text)
    DMA1_Stream7_IRQHandler                  0x080001db   Thumb Code     0  startup_stm32f427xx.o(.text)
    DMA2D_IRQHandler                         0x080001db   Thumb Code     0  startup_stm32f427xx.o(.text)
    DMA2_Stream0_IRQHandler                  0x080001db   Thumb Code     0  startup_stm32f427xx.o(.text)
    DMA2_Stream1_IRQHandler                  0x080001db   Thumb Code     0  startup_stm32f427xx.o(.text)
    DMA2_Stream3_IRQHandler                  0x080001db   Thumb Code     0  startup_stm32f427xx.o(.text)
    DMA2_Stream4_IRQHandler                  0x080001db   Thumb Code     0  startup_stm32f427xx.o(.text)
    DMA2_Stream5_IRQHandler                  0x080001db   Thumb Code     0  startup_stm32f427xx.o(.text)
    DMA2_Stream6_IRQHandler                  0x080001db   Thumb Code     0  startup_stm32f427xx.o(.text)
    DMA2_Stream7_IRQHandler                  0x080001db   Thumb Code     0  startup_stm32f427xx.o(.text)
    ETH_IRQHandler                           0x080001db   Thumb Code     0  startup_stm32f427xx.o(.text)
    ETH_WKUP_IRQHandler                      0x080001db   Thumb Code     0  startup_stm32f427xx.o(.text)
    EXTI0_IRQHandler                         0x080001db   Thumb Code     0  startup_stm32f427xx.o(.text)
    EXTI15_10_IRQHandler                     0x080001db   Thumb Code     0  startup_stm32f427xx.o(.text)
    EXTI2_IRQHandler                         0x080001db   Thumb Code     0  startup_stm32f427xx.o(.text)
    EXTI3_IRQHandler                         0x080001db   Thumb Code     0  startup_stm32f427xx.o(.text)
    EXTI4_IRQHandler                         0x080001db   Thumb Code     0  startup_stm32f427xx.o(.text)
    EXTI9_5_IRQHandler                       0x080001db   Thumb Code     0  startup_stm32f427xx.o(.text)
    FLASH_IRQHandler                         0x080001db   Thumb Code     0  startup_stm32f427xx.o(.text)
    FMC_IRQHandler                           0x080001db   Thumb Code     0  startup_stm32f427xx.o(.text)
    FPU_IRQHandler                           0x080001db   Thumb Code     0  startup_stm32f427xx.o(.text)
    HASH_RNG_IRQHandler                      0x080001db   Thumb Code     0  startup_stm32f427xx.o(.text)
    I2C1_ER_IRQHandler                       0x080001db   Thumb Code     0  startup_stm32f427xx.o(.text)
    I2C1_EV_IRQHandler                       0x080001db   Thumb Code     0  startup_stm32f427xx.o(.text)
    I2C2_ER_IRQHandler                       0x080001db   Thumb Code     0  startup_stm32f427xx.o(.text)
    I2C2_EV_IRQHandler                       0x080001db   Thumb Code     0  startup_stm32f427xx.o(.text)
    I2C3_ER_IRQHandler                       0x080001db   Thumb Code     0  startup_stm32f427xx.o(.text)
    I2C3_EV_IRQHandler                       0x080001db   Thumb Code     0  startup_stm32f427xx.o(.text)
    OTG_FS_WKUP_IRQHandler                   0x080001db   Thumb Code     0  startup_stm32f427xx.o(.text)
    OTG_HS_EP1_IN_IRQHandler                 0x080001db   Thumb Code     0  startup_stm32f427xx.o(.text)
    OTG_HS_EP1_OUT_IRQHandler                0x080001db   Thumb Code     0  startup_stm32f427xx.o(.text)
    OTG_HS_IRQHandler                        0x080001db   Thumb Code     0  startup_stm32f427xx.o(.text)
    OTG_HS_WKUP_IRQHandler                   0x080001db   Thumb Code     0  startup_stm32f427xx.o(.text)
    PVD_IRQHandler                           0x080001db   Thumb Code     0  startup_stm32f427xx.o(.text)
    RCC_IRQHandler                           0x080001db   Thumb Code     0  startup_stm32f427xx.o(.text)
    RTC_Alarm_IRQHandler                     0x080001db   Thumb Code     0  startup_stm32f427xx.o(.text)
    RTC_WKUP_IRQHandler                      0x080001db   Thumb Code     0  startup_stm32f427xx.o(.text)
    SAI1_IRQHandler                          0x080001db   Thumb Code     0  startup_stm32f427xx.o(.text)
    SDIO_IRQHandler                          0x080001db   Thumb Code     0  startup_stm32f427xx.o(.text)
    SPI1_IRQHandler                          0x080001db   Thumb Code     0  startup_stm32f427xx.o(.text)
    SPI2_IRQHandler                          0x080001db   Thumb Code     0  startup_stm32f427xx.o(.text)
    SPI3_IRQHandler                          0x080001db   Thumb Code     0  startup_stm32f427xx.o(.text)
    SPI4_IRQHandler                          0x080001db   Thumb Code     0  startup_stm32f427xx.o(.text)
    SPI5_IRQHandler                          0x080001db   Thumb Code     0  startup_stm32f427xx.o(.text)
    SPI6_IRQHandler                          0x080001db   Thumb Code     0  startup_stm32f427xx.o(.text)
    TAMP_STAMP_IRQHandler                    0x080001db   Thumb Code     0  startup_stm32f427xx.o(.text)
    TIM1_BRK_TIM9_IRQHandler                 0x080001db   Thumb Code     0  startup_stm32f427xx.o(.text)
    TIM1_CC_IRQHandler                       0x080001db   Thumb Code     0  startup_stm32f427xx.o(.text)
    TIM1_TRG_COM_TIM11_IRQHandler            0x080001db   Thumb Code     0  startup_stm32f427xx.o(.text)
    TIM1_UP_TIM10_IRQHandler                 0x080001db   Thumb Code     0  startup_stm32f427xx.o(.text)
    TIM2_IRQHandler                          0x080001db   Thumb Code     0  startup_stm32f427xx.o(.text)
    TIM3_IRQHandler                          0x080001db   Thumb Code     0  startup_stm32f427xx.o(.text)
    TIM4_IRQHandler                          0x080001db   Thumb Code     0  startup_stm32f427xx.o(.text)
    TIM5_IRQHandler                          0x080001db   Thumb Code     0  startup_stm32f427xx.o(.text)
    TIM7_IRQHandler                          0x080001db   Thumb Code     0  startup_stm32f427xx.o(.text)
    TIM8_BRK_TIM12_IRQHandler                0x080001db   Thumb Code     0  startup_stm32f427xx.o(.text)
    TIM8_CC_IRQHandler                       0x080001db   Thumb Code     0  startup_stm32f427xx.o(.text)
    TIM8_TRG_COM_TIM14_IRQHandler            0x080001db   Thumb Code     0  startup_stm32f427xx.o(.text)
    TIM8_UP_TIM13_IRQHandler                 0x080001db   Thumb Code     0  startup_stm32f427xx.o(.text)
    UART4_IRQHandler                         0x080001db   Thumb Code     0  startup_stm32f427xx.o(.text)
    UART5_IRQHandler                         0x080001db   Thumb Code     0  startup_stm32f427xx.o(.text)
    UART7_IRQHandler                         0x080001db   Thumb Code     0  startup_stm32f427xx.o(.text)
    UART8_IRQHandler                         0x080001db   Thumb Code     0  startup_stm32f427xx.o(.text)
    WWDG_IRQHandler                          0x080001db   Thumb Code     0  startup_stm32f427xx.o(.text)
    __aeabi_memcpy                           0x080001e5   Thumb Code    36  memcpya.o(.text)
    __aeabi_memcpy4                          0x080001e5   Thumb Code     0  memcpya.o(.text)
    __aeabi_memcpy8                          0x080001e5   Thumb Code     0  memcpya.o(.text)
    __aeabi_memset                           0x08000209   Thumb Code    14  memseta.o(.text)
    __aeabi_memset4                          0x08000209   Thumb Code     0  memseta.o(.text)
    __aeabi_memset8                          0x08000209   Thumb Code     0  memseta.o(.text)
    __aeabi_memclr                           0x08000217   Thumb Code     4  memseta.o(.text)
    __aeabi_memclr4                          0x08000217   Thumb Code     0  memseta.o(.text)
    __aeabi_memclr8                          0x08000217   Thumb Code     0  memseta.o(.text)
    _memset$wrapper                          0x0800021b   Thumb Code    18  memseta.o(.text)
    __scatterload                            0x0800022d   Thumb Code    28  init.o(.text)
    __scatterload_rt2                        0x0800022d   Thumb Code     0  init.o(.text)
    __decompress                             0x08000251   Thumb Code     0  __dczerorl2.o(.text)
    __decompress1                            0x08000251   Thumb Code    86  __dczerorl2.o(.text)
    BusFault_Handler                         0x080002a7   Thumb Code     2  stm32f4xx_it.o(i.BusFault_Handler)
    CAN1_RX0_IRQHandler                      0x080002a9   Thumb Code    18  stm32f4xx_it.o(i.CAN1_RX0_IRQHandler)
    CAN1_TX_IRQHandler                       0x080002c5   Thumb Code     6  stm32f4xx_it.o(i.CAN1_TX_IRQHandler)
    CAN2_RX0_IRQHandler                      0x080002d1   Thumb Code     6  stm32f4xx_it.o(i.CAN2_RX0_IRQHandler)
    CAN2_TX_IRQHandler                       0x080002dd   Thumb Code     6  stm32f4xx_it.o(i.CAN2_TX_IRQHandler)
    CanFilter_Init                           0x080004b9   Thumb Code    72  test_can.o(i.CanFilter_Init)
    DMA2_Stream2_IRQHandler                  0x0800050d   Thumb Code     6  stm32f4xx_it.o(i.DMA2_Stream2_IRQHandler)
    DebugMon_Handler                         0x080005bd   Thumb Code     2  stm32f4xx_it.o(i.DebugMon_Handler)
    EXTI1_IRQHandler                         0x080005bf   Thumb Code     6  stm32f4xx_it.o(i.EXTI1_IRQHandler)
    Error_Handler                            0x080005c5   Thumb Code     2  main.o(i.Error_Handler)
    HAL_CAN_ConfigFilter                     0x080005c9   Thumb Code   218  stm32f4xx_hal_can.o(i.HAL_CAN_ConfigFilter)
    HAL_CAN_ErrorCallback                    0x080006ad   Thumb Code     2  stm32f4xx_hal_can.o(i.HAL_CAN_ErrorCallback)
    HAL_CAN_IRQHandler                       0x080006b1   Thumb Code   370  stm32f4xx_hal_can.o(i.HAL_CAN_IRQHandler)
    HAL_CAN_Init                             0x08000831   Thumb Code   328  stm32f4xx_hal_can.o(i.HAL_CAN_Init)
    HAL_CAN_MspInit                          0x08000979   Thumb Code   200  can.o(i.HAL_CAN_MspInit)
    HAL_CAN_Receive_IT                       0x08000a59   Thumb Code   134  stm32f4xx_hal_can.o(i.HAL_CAN_Receive_IT)
    HAL_CAN_RxCpltCallback                   0x08000ae1   Thumb Code    22  test_can.o(i.HAL_CAN_RxCpltCallback)
    HAL_CAN_TxCpltCallback                   0x08000b01   Thumb Code     2  stm32f4xx_hal_can.o(i.HAL_CAN_TxCpltCallback)
    HAL_DMA_Abort                            0x08000b03   Thumb Code   142  stm32f4xx_hal_dma.o(i.HAL_DMA_Abort)
    HAL_DMA_Abort_IT                         0x08000b91   Thumb Code    36  stm32f4xx_hal_dma.o(i.HAL_DMA_Abort_IT)
    HAL_DMA_IRQHandler                       0x08000bb5   Thumb Code   414  stm32f4xx_hal_dma.o(i.HAL_DMA_IRQHandler)
    HAL_DMA_Init                             0x08000d5d   Thumb Code   202  stm32f4xx_hal_dma.o(i.HAL_DMA_Init)
    HAL_DMA_Start_IT                         0x08000e2d   Thumb Code   120  stm32f4xx_hal_dma.o(i.HAL_DMA_Start_IT)
    HAL_Delay                                0x08000ea5   Thumb Code    22  stm32f4xx_hal.o(i.HAL_Delay)
    HAL_GPIO_EXTI_Callback                   0x08000ebb   Thumb Code     2  stm32f4xx_hal_gpio.o(i.HAL_GPIO_EXTI_Callback)
    HAL_GPIO_EXTI_IRQHandler                 0x08000ebd   Thumb Code    18  stm32f4xx_hal_gpio.o(i.HAL_GPIO_EXTI_IRQHandler)
    HAL_GPIO_Init                            0x08000ed5   Thumb Code   408  stm32f4xx_hal_gpio.o(i.HAL_GPIO_Init)
    HAL_GPIO_WritePin                        0x080010a1   Thumb Code    10  stm32f4xx_hal_gpio.o(i.HAL_GPIO_WritePin)
    HAL_GetTick                              0x080010ad   Thumb Code     6  stm32f4xx_hal.o(i.HAL_GetTick)
    HAL_IncTick                              0x080010b9   Thumb Code    10  stm32f4xx_hal.o(i.HAL_IncTick)
    HAL_Init                                 0x080010c9   Thumb Code    48  stm32f4xx_hal.o(i.HAL_Init)
    HAL_InitTick                             0x080010fd   Thumb Code    34  stm32f4xx_hal.o(i.HAL_InitTick)
    HAL_MspInit                              0x08001125   Thumb Code    88  stm32f4xx_hal_msp.o(i.HAL_MspInit)
    HAL_MultiProcessor_Init                  0x0800117d   Thumb Code   142  stm32f4xx_hal_uart.o(i.HAL_MultiProcessor_Init)
    HAL_NVIC_EnableIRQ                       0x0800120b   Thumb Code    22  stm32f4xx_hal_cortex.o(i.HAL_NVIC_EnableIRQ)
    HAL_NVIC_SetPriority                     0x08001221   Thumb Code    60  stm32f4xx_hal_cortex.o(i.HAL_NVIC_SetPriority)
    HAL_NVIC_SetPriorityGrouping             0x08001261   Thumb Code    26  stm32f4xx_hal_cortex.o(i.HAL_NVIC_SetPriorityGrouping)
    HAL_PCDEx_SetRxFiFo                      0x08001285   Thumb Code     8  stm32f4xx_hal_pcd_ex.o(i.HAL_PCDEx_SetRxFiFo)
    HAL_PCDEx_SetTxFiFo                      0x0800128d   Thumb Code    68  stm32f4xx_hal_pcd_ex.o(i.HAL_PCDEx_SetTxFiFo)
    HAL_PCD_ConnectCallback                  0x080012d1   Thumb Code     8  usbd_conf.o(i.HAL_PCD_ConnectCallback)
    HAL_PCD_DataInStageCallback              0x080012d9   Thumb Code    18  usbd_conf.o(i.HAL_PCD_DataInStageCallback)
    HAL_PCD_DataOutStageCallback             0x080012eb   Thumb Code    20  usbd_conf.o(i.HAL_PCD_DataOutStageCallback)
    HAL_PCD_DisconnectCallback               0x080012ff   Thumb Code     8  usbd_conf.o(i.HAL_PCD_DisconnectCallback)
    HAL_PCD_EP_Close                         0x08001307   Thumb Code    68  stm32f4xx_hal_pcd.o(i.HAL_PCD_EP_Close)
    HAL_PCD_EP_ClrStall                      0x0800134b   Thumb Code    80  stm32f4xx_hal_pcd.o(i.HAL_PCD_EP_ClrStall)
    HAL_PCD_EP_GetRxCount                    0x0800139b   Thumb Code    20  stm32f4xx_hal_pcd.o(i.HAL_PCD_EP_GetRxCount)
    HAL_PCD_EP_Open                          0x080013af   Thumb Code    84  stm32f4xx_hal_pcd.o(i.HAL_PCD_EP_Open)
    HAL_PCD_EP_Receive                       0x08001405   Thumb Code    94  stm32f4xx_hal_pcd.o(i.HAL_PCD_EP_Receive)
    HAL_PCD_EP_SetStall                      0x08001463   Thumb Code    96  stm32f4xx_hal_pcd.o(i.HAL_PCD_EP_SetStall)
    HAL_PCD_EP_Transmit                      0x080014c3   Thumb Code    86  stm32f4xx_hal_pcd.o(i.HAL_PCD_EP_Transmit)
    HAL_PCD_IRQHandler                       0x08001519   Thumb Code  1196  stm32f4xx_hal_pcd.o(i.HAL_PCD_IRQHandler)
    HAL_PCD_ISOINIncompleteCallback          0x08001a0d   Thumb Code     8  usbd_conf.o(i.HAL_PCD_ISOINIncompleteCallback)
    HAL_PCD_ISOOUTIncompleteCallback         0x08001a15   Thumb Code     8  usbd_conf.o(i.HAL_PCD_ISOOUTIncompleteCallback)
    HAL_PCD_Init                             0x08001a1d   Thumb Code   190  stm32f4xx_hal_pcd.o(i.HAL_PCD_Init)
    HAL_PCD_MspInit                          0x08001add   Thumb Code   116  usbd_conf.o(i.HAL_PCD_MspInit)
    HAL_PCD_ResetCallback                    0x08001b59   Thumb Code    32  usbd_conf.o(i.HAL_PCD_ResetCallback)
    HAL_PCD_ResumeCallback                   0x08001b79   Thumb Code     8  usbd_conf.o(i.HAL_PCD_ResumeCallback)
    HAL_PCD_SOFCallback                      0x08001b81   Thumb Code     8  usbd_conf.o(i.HAL_PCD_SOFCallback)
    HAL_PCD_SetAddress                       0x08001b89   Thumb Code    36  stm32f4xx_hal_pcd.o(i.HAL_PCD_SetAddress)
    HAL_PCD_SetupStageCallback               0x08001bad   Thumb Code    14  usbd_conf.o(i.HAL_PCD_SetupStageCallback)
    HAL_PCD_Start                            0x08001bbb   Thumb Code    42  stm32f4xx_hal_pcd.o(i.HAL_PCD_Start)
    HAL_PCD_SuspendCallback                  0x08001be5   Thumb Code    44  usbd_conf.o(i.HAL_PCD_SuspendCallback)
    HAL_RCC_ClockConfig                      0x08001c15   Thumb Code   364  stm32f4xx_hal_rcc.o(i.HAL_RCC_ClockConfig)
    HAL_RCC_GetHCLKFreq                      0x08001d91   Thumb Code     6  stm32f4xx_hal_rcc.o(i.HAL_RCC_GetHCLKFreq)
    HAL_RCC_GetPCLK1Freq                     0x08001d9d   Thumb Code    34  stm32f4xx_hal_rcc.o(i.HAL_RCC_GetPCLK1Freq)
    HAL_RCC_GetPCLK2Freq                     0x08001dcd   Thumb Code    34  stm32f4xx_hal_rcc.o(i.HAL_RCC_GetPCLK2Freq)
    HAL_RCC_GetSysClockFreq                  0x08001dfd   Thumb Code   104  stm32f4xx_hal_rcc.o(i.HAL_RCC_GetSysClockFreq)
    HAL_RCC_OscConfig                        0x08001e71   Thumb Code   722  stm32f4xx_hal_rcc.o(i.HAL_RCC_OscConfig)
    HAL_SPI_Init                             0x08002155   Thumb Code   128  stm32f4xx_hal_spi.o(i.HAL_SPI_Init)
    HAL_SPI_MspInit                          0x080021d5   Thumb Code    64  spi.o(i.HAL_SPI_MspInit)
    HAL_SYSTICK_CLKSourceConfig              0x08002221   Thumb Code    24  stm32f4xx_hal_cortex.o(i.HAL_SYSTICK_CLKSourceConfig)
    HAL_SYSTICK_Callback                     0x08002239   Thumb Code     2  stm32f4xx_hal_cortex.o(i.HAL_SYSTICK_Callback)
    HAL_SYSTICK_Config                       0x0800223b   Thumb Code    40  stm32f4xx_hal_cortex.o(i.HAL_SYSTICK_Config)
    HAL_SYSTICK_IRQHandler                   0x08002263   Thumb Code     8  stm32f4xx_hal_cortex.o(i.HAL_SYSTICK_IRQHandler)
    HAL_TIMEx_BreakCallback                  0x0800226b   Thumb Code     2  stm32f4xx_hal_tim_ex.o(i.HAL_TIMEx_BreakCallback)
    HAL_TIMEx_CommutationCallback            0x0800226d   Thumb Code     2  stm32f4xx_hal_tim_ex.o(i.HAL_TIMEx_CommutationCallback)
    HAL_TIMEx_ConfigBreakDeadTime            0x0800226f   Thumb Code    66  stm32f4xx_hal_tim_ex.o(i.HAL_TIMEx_ConfigBreakDeadTime)
    HAL_TIMEx_MasterConfigSynchronization    0x080022b1   Thumb Code    80  stm32f4xx_hal_tim_ex.o(i.HAL_TIMEx_MasterConfigSynchronization)
    HAL_TIM_Base_Init                        0x08002301   Thumb Code    54  stm32f4xx_hal_tim.o(i.HAL_TIM_Base_Init)
    HAL_TIM_Base_MspInit                     0x08002339   Thumb Code   172  tim.o(i.HAL_TIM_Base_MspInit)
    HAL_TIM_Base_Start_IT                    0x08002401   Thumb Code    24  stm32f4xx_hal_tim.o(i.HAL_TIM_Base_Start_IT)
    HAL_TIM_ConfigClockSource                0x08002419   Thumb Code   242  stm32f4xx_hal_tim.o(i.HAL_TIM_ConfigClockSource)
    HAL_TIM_IC_CaptureCallback               0x0800250b   Thumb Code     2  stm32f4xx_hal_tim.o(i.HAL_TIM_IC_CaptureCallback)
    HAL_TIM_IRQHandler                       0x0800250d   Thumb Code   358  stm32f4xx_hal_tim.o(i.HAL_TIM_IRQHandler)
    HAL_TIM_MspPostInit                      0x08002675   Thumb Code   188  tim.o(i.HAL_TIM_MspPostInit)
    HAL_TIM_OC_DelayElapsedCallback          0x08002759   Thumb Code     2  stm32f4xx_hal_tim.o(i.HAL_TIM_OC_DelayElapsedCallback)
    HAL_TIM_PWM_ConfigChannel                0x0800275b   Thumb Code   208  stm32f4xx_hal_tim.o(i.HAL_TIM_PWM_ConfigChannel)
    HAL_TIM_PWM_Init                         0x0800282b   Thumb Code    54  stm32f4xx_hal_tim.o(i.HAL_TIM_PWM_Init)
    HAL_TIM_PWM_MspInit                      0x08002861   Thumb Code     2  stm32f4xx_hal_tim.o(i.HAL_TIM_PWM_MspInit)
    HAL_TIM_PWM_PulseFinishedCallback        0x08002863   Thumb Code     2  stm32f4xx_hal_tim.o(i.HAL_TIM_PWM_PulseFinishedCallback)
    HAL_TIM_PWM_Start                        0x08002865   Thumb Code    48  stm32f4xx_hal_tim.o(i.HAL_TIM_PWM_Start)
    HAL_TIM_PeriodElapsedCallback            0x0800289d   Thumb Code     2  stm32f4xx_hal_tim.o(i.HAL_TIM_PeriodElapsedCallback)
    HAL_TIM_TriggerCallback                  0x0800289f   Thumb Code     2  stm32f4xx_hal_tim.o(i.HAL_TIM_TriggerCallback)
    HAL_UART_DMAStop                         0x080028a1   Thumb Code    88  stm32f4xx_hal_uart.o(i.HAL_UART_DMAStop)
    HAL_UART_ErrorCallback                   0x080028f9   Thumb Code     2  stm32f4xx_hal_uart.o(i.HAL_UART_ErrorCallback)
    HAL_UART_IRQHandler                      0x080028fd   Thumb Code   266  stm32f4xx_hal_uart.o(i.HAL_UART_IRQHandler)
    HAL_UART_Init                            0x08002a0d   Thumb Code    98  stm32f4xx_hal_uart.o(i.HAL_UART_Init)
    HAL_UART_MspInit                         0x08002a71   Thumb Code   282  usart.o(i.HAL_UART_MspInit)
    HAL_UART_Receive_DMA                     0x08002bb5   Thumb Code   132  stm32f4xx_hal_uart.o(i.HAL_UART_Receive_DMA)
    HAL_UART_Receive_IT                      0x08002c45   Thumb Code    72  stm32f4xx_hal_uart.o(i.HAL_UART_Receive_IT)
    HAL_UART_RxCpltCallback                  0x08002c8d   Thumb Code   844  test_uart.o(i.HAL_UART_RxCpltCallback)
    HAL_UART_RxHalfCpltCallback              0x0800301d   Thumb Code     2  stm32f4xx_hal_uart.o(i.HAL_UART_RxHalfCpltCallback)
    HAL_UART_Transmit                        0x0800301f   Thumb Code   186  stm32f4xx_hal_uart.o(i.HAL_UART_Transmit)
    HAL_UART_TxCpltCallback                  0x080030d9   Thumb Code     2  stm32f4xx_hal_uart.o(i.HAL_UART_TxCpltCallback)
    HardFault_Handler                        0x080030db   Thumb Code     2  stm32f4xx_it.o(i.HardFault_Handler)
    MX_CAN1_Init                             0x080030dd   Thumb Code    62  can.o(i.MX_CAN1_Init)
    MX_CAN2_Init                             0x08003125   Thumb Code    62  can.o(i.MX_CAN2_Init)
    MX_DMA_Init                              0x0800316d   Thumb Code    40  dma.o(i.MX_DMA_Init)
    MX_GPIO_Init                             0x08003199   Thumb Code   314  gpio.o(i.MX_GPIO_Init)
    MX_SPI5_Init                             0x080032ed   Thumb Code    62  spi.o(i.MX_SPI5_Init)
    MX_TIM12_Init                            0x08003335   Thumb Code   126  tim.o(i.MX_TIM12_Init)
    MX_TIM2_Init                             0x080033bd   Thumb Code   172  tim.o(i.MX_TIM2_Init)
    MX_TIM3_Init                             0x0800346d   Thumb Code   118  tim.o(i.MX_TIM3_Init)
    MX_TIM4_Init                             0x080034ed   Thumb Code   164  tim.o(i.MX_TIM4_Init)
    MX_TIM5_Init                             0x08003599   Thumb Code   164  tim.o(i.MX_TIM5_Init)
    MX_TIM6_Init                             0x08003645   Thumb Code    54  tim.o(i.MX_TIM6_Init)
    MX_TIM8_Init                             0x08003685   Thumb Code   208  tim.o(i.MX_TIM8_Init)
    MX_USART1_UART_Init                      0x0800375d   Thumb Code    52  usart.o(i.MX_USART1_UART_Init)
    MX_USART2_UART_Init                      0x0800379d   Thumb Code    48  usart.o(i.MX_USART2_UART_Init)
    MX_USART3_UART_Init                      0x080037d5   Thumb Code    50  usart.o(i.MX_USART3_UART_Init)
    MX_USART6_UART_Init                      0x08003811   Thumb Code    50  usart.o(i.MX_USART6_UART_Init)
    MX_USB_DEVICE_Init                       0x0800384d   Thumb Code    38  usb_device.o(i.MX_USB_DEVICE_Init)
    MemManage_Handler                        0x08003885   Thumb Code     2  stm32f4xx_it.o(i.MemManage_Handler)
    Message_buffer                           0x08003889   Thumb Code   258  test_can.o(i.Message_buffer)
    NMI_Handler                              0x08003991   Thumb Code     2  stm32f4xx_it.o(i.NMI_Handler)
    OTG_FS_IRQHandler                        0x080039b5   Thumb Code     6  stm32f4xx_it.o(i.OTG_FS_IRQHandler)
    PendSV_Handler                           0x08003a49   Thumb Code     2  stm32f4xx_it.o(i.PendSV_Handler)
    ReadContral                              0x08003a4d   Thumb Code   192  main.o(i.ReadContral)
    ReadEncode                               0x08003b19   Thumb Code    90  main.o(i.ReadEncode)
    SVC_Handler                              0x08003b7d   Thumb Code     2  stm32f4xx_it.o(i.SVC_Handler)
    Send_CarBus                              0x08003b81   Thumb Code   364  test_uart.o(i.Send_CarBus)
    SysTick_Handler                          0x08003cf5   Thumb Code    14  stm32f4xx_it.o(i.SysTick_Handler)
    SystemClock_Config                       0x08003d05   Thumb Code   150  main.o(i.SystemClock_Config)
    SystemInit                               0x08003da5   Thumb Code    66  system_stm32f4xx.o(i.SystemInit)
    TIM6_DAC_IRQHandler                      0x08003df9   Thumb Code    20  stm32f4xx_it.o(i.TIM6_DAC_IRQHandler)
    TIM_Base_SetConfig                       0x08003e11   Thumb Code   148  stm32f4xx_hal_tim.o(i.TIM_Base_SetConfig)
    TIM_CCxChannelCmd                        0x08003ed1   Thumb Code    22  stm32f4xx_hal_tim.o(i.TIM_CCxChannelCmd)
    TIM_OC2_SetConfig                        0x08003f65   Thumb Code    90  stm32f4xx_hal_tim.o(i.TIM_OC2_SetConfig)
    USART1_IRQHandler                        0x0800458d   Thumb Code    54  stm32f4xx_it.o(i.USART1_IRQHandler)
    USART2_IRQHandler                        0x080045d5   Thumb Code     6  stm32f4xx_it.o(i.USART2_IRQHandler)
    USART3_IRQHandler                        0x080045e1   Thumb Code    22  stm32f4xx_it.o(i.USART3_IRQHandler)
    USART6_IRQHandler                        0x08004601   Thumb Code    22  stm32f4xx_it.o(i.USART6_IRQHandler)
    USBD_CDC_GetDeviceQualifierDescriptor    0x080046c5   Thumb Code     8  usbd_cdc.o(i.USBD_CDC_GetDeviceQualifierDescriptor)
    USBD_CDC_ReceivePacket                   0x0800477d   Thumb Code    40  usbd_cdc.o(i.USBD_CDC_ReceivePacket)
    USBD_CDC_RegisterInterface               0x080047a5   Thumb Code    16  usbd_cdc.o(i.USBD_CDC_RegisterInterface)
    USBD_CDC_SetRxBuffer                     0x080047b5   Thumb Code    12  usbd_cdc.o(i.USBD_CDC_SetRxBuffer)
    USBD_CDC_SetTxBuffer                     0x080047c1   Thumb Code    16  usbd_cdc.o(i.USBD_CDC_SetTxBuffer)
    USBD_ClrClassConfig                      0x08004841   Thumb Code    14  usbd_core.o(i.USBD_ClrClassConfig)
    USBD_CtlContinueRx                       0x0800484f   Thumb Code    16  usbd_ioreq.o(i.USBD_CtlContinueRx)
    USBD_CtlContinueSendData                 0x0800485f   Thumb Code    16  usbd_ioreq.o(i.USBD_CtlContinueSendData)
    USBD_CtlError                            0x0800486f   Thumb Code    22  usbd_ctlreq.o(i.USBD_CtlError)
    USBD_CtlPrepareRx                        0x08004885   Thumb Code    30  usbd_ioreq.o(i.USBD_CtlPrepareRx)
    USBD_CtlReceiveStatus                    0x080048a3   Thumb Code    22  usbd_ioreq.o(i.USBD_CtlReceiveStatus)
    USBD_CtlSendData                         0x080048b9   Thumb Code    26  usbd_ioreq.o(i.USBD_CtlSendData)
    USBD_CtlSendStatus                       0x080048d3   Thumb Code    22  usbd_ioreq.o(i.USBD_CtlSendStatus)
    USBD_FS_ConfigStrDescriptor              0x080048e9   Thumb Code    16  usbd_desc.o(i.USBD_FS_ConfigStrDescriptor)
    USBD_FS_DeviceDescriptor                 0x08004909   Thumb Code     8  usbd_desc.o(i.USBD_FS_DeviceDescriptor)
    USBD_FS_InterfaceStrDescriptor           0x08004915   Thumb Code    16  usbd_desc.o(i.USBD_FS_InterfaceStrDescriptor)
    USBD_FS_LangIDStrDescriptor              0x08004939   Thumb Code     8  usbd_desc.o(i.USBD_FS_LangIDStrDescriptor)
    USBD_FS_ManufacturerStrDescriptor        0x08004945   Thumb Code    16  usbd_desc.o(i.USBD_FS_ManufacturerStrDescriptor)
    USBD_FS_ProductStrDescriptor             0x0800496d   Thumb Code    16  usbd_desc.o(i.USBD_FS_ProductStrDescriptor)
    USBD_FS_SerialStrDescriptor              0x08004999   Thumb Code    16  usbd_desc.o(i.USBD_FS_SerialStrDescriptor)
    USBD_GetString                           0x08004a9d   Thumb Code    70  usbd_ctlreq.o(i.USBD_GetString)
    USBD_Init                                0x08004ae3   Thumb Code    42  usbd_core.o(i.USBD_Init)
    USBD_LL_ClearStallEP                     0x08004b0d   Thumb Code    14  usbd_conf.o(i.USBD_LL_ClearStallEP)
    USBD_LL_CloseEP                          0x08004b1b   Thumb Code    14  usbd_conf.o(i.USBD_LL_CloseEP)
    USBD_LL_DataInStage                      0x08004b29   Thumb Code   170  usbd_core.o(i.USBD_LL_DataInStage)
    USBD_LL_DataOutStage                     0x08004bd3   Thumb Code   106  usbd_core.o(i.USBD_LL_DataOutStage)
    USBD_LL_DevConnected                     0x08004c3d   Thumb Code     4  usbd_core.o(i.USBD_LL_DevConnected)
    USBD_LL_DevDisconnected                  0x08004c41   Thumb Code    22  usbd_core.o(i.USBD_LL_DevDisconnected)
    USBD_LL_GetRxDataSize                    0x08004c57   Thumb Code     8  usbd_conf.o(i.USBD_LL_GetRxDataSize)
    USBD_LL_Init                             0x08004c61   Thumb Code    92  usbd_conf.o(i.USBD_LL_Init)
    USBD_LL_IsStallEP                        0x08004cc1   Thumb Code    32  usbd_conf.o(i.USBD_LL_IsStallEP)
    USBD_LL_IsoINIncomplete                  0x08004ce1   Thumb Code     4  usbd_core.o(i.USBD_LL_IsoINIncomplete)
    USBD_LL_IsoOUTIncomplete                 0x08004ce5   Thumb Code     4  usbd_core.o(i.USBD_LL_IsoOUTIncomplete)
    USBD_LL_OpenEP                           0x08004ce9   Thumb Code    20  usbd_conf.o(i.USBD_LL_OpenEP)
    USBD_LL_PrepareReceive                   0x08004cfd   Thumb Code    14  usbd_conf.o(i.USBD_LL_PrepareReceive)
    USBD_LL_Reset                            0x08004d0b   Thumb Code    62  usbd_core.o(i.USBD_LL_Reset)
    USBD_LL_Resume                           0x08004d49   Thumb Code    12  usbd_core.o(i.USBD_LL_Resume)
    USBD_LL_SOF                              0x08004d55   Thumb Code    24  usbd_core.o(i.USBD_LL_SOF)
    USBD_LL_SetSpeed                         0x08004d6d   Thumb Code     6  usbd_core.o(i.USBD_LL_SetSpeed)
    USBD_LL_SetUSBAddress                    0x08004d73   Thumb Code    14  usbd_conf.o(i.USBD_LL_SetUSBAddress)
    USBD_LL_SetupStage                       0x08004d81   Thumb Code    90  usbd_core.o(i.USBD_LL_SetupStage)
    USBD_LL_StallEP                          0x08004ddb   Thumb Code    14  usbd_conf.o(i.USBD_LL_StallEP)
    USBD_LL_Start                            0x08004de9   Thumb Code    14  usbd_conf.o(i.USBD_LL_Start)
    USBD_LL_Suspend                          0x08004df7   Thumb Code    18  usbd_core.o(i.USBD_LL_Suspend)
    USBD_LL_Transmit                         0x08004e09   Thumb Code    14  usbd_conf.o(i.USBD_LL_Transmit)
    USBD_ParseSetupRequest                   0x08004e17   Thumb Code    40  usbd_ctlreq.o(i.USBD_ParseSetupRequest)
    USBD_RegisterClass                       0x08004e3f   Thumb Code    16  usbd_core.o(i.USBD_RegisterClass)
    USBD_SetClassConfig                      0x08004e4f   Thumb Code    22  usbd_core.o(i.USBD_SetClassConfig)
    USBD_Start                               0x08004ed9   Thumb Code    10  usbd_core.o(i.USBD_Start)
    USBD_StdDevReq                           0x08004ee3   Thumb Code   242  usbd_ctlreq.o(i.USBD_StdDevReq)
    USBD_StdEPReq                            0x08004fd5   Thumb Code   220  usbd_ctlreq.o(i.USBD_StdEPReq)
    USBD_StdItfReq                           0x080050b1   Thumb Code    52  usbd_ctlreq.o(i.USBD_StdItfReq)
    USB_ActivateEndpoint                     0x080050e5   Thumb Code   122  stm32f4xx_ll_usb.o(i.USB_ActivateEndpoint)
    USB_ActivateSetup                        0x08005165   Thumb Code    52  stm32f4xx_ll_usb.o(i.USB_ActivateSetup)
    USB_CoreInit                             0x08005199   Thumb Code    96  stm32f4xx_ll_usb.o(i.USB_CoreInit)
    USB_DeactivateEndpoint                   0x08005235   Thumb Code   110  stm32f4xx_ll_usb.o(i.USB_DeactivateEndpoint)
    USB_DevConnect                           0x080052a3   Thumb Code    24  stm32f4xx_ll_usb.o(i.USB_DevConnect)
    USB_DevDisconnect                        0x080052bb   Thumb Code    24  stm32f4xx_ll_usb.o(i.USB_DevDisconnect)
    USB_DevInit                              0x080052d5   Thumb Code   306  stm32f4xx_ll_usb.o(i.USB_DevInit)
    USB_DisableGlobalInt                     0x08005419   Thumb Code    12  stm32f4xx_ll_usb.o(i.USB_DisableGlobalInt)
    USB_EP0StartXfer                         0x08005425   Thumb Code   316  stm32f4xx_ll_usb.o(i.USB_EP0StartXfer)
    USB_EP0_OutStart                         0x08005565   Thumb Code    62  stm32f4xx_ll_usb.o(i.USB_EP0_OutStart)
    USB_EPClearStall                         0x080055a3   Thumb Code   100  stm32f4xx_ll_usb.o(i.USB_EPClearStall)
    USB_EPSetStall                           0x08005607   Thumb Code    94  stm32f4xx_ll_usb.o(i.USB_EPSetStall)
    USB_EPStartXfer                          0x08005665   Thumb Code   534  stm32f4xx_ll_usb.o(i.USB_EPStartXfer)
    USB_EnableGlobalInt                      0x08005881   Thumb Code    12  stm32f4xx_ll_usb.o(i.USB_EnableGlobalInt)
    USB_FlushRxFifo                          0x0800588d   Thumb Code    28  stm32f4xx_ll_usb.o(i.USB_FlushRxFifo)
    USB_FlushTxFifo                          0x080058ad   Thumb Code    32  stm32f4xx_ll_usb.o(i.USB_FlushTxFifo)
    USB_GetDevSpeed                          0x080058d1   Thumb Code    60  stm32f4xx_ll_usb.o(i.USB_GetDevSpeed)
    USB_GetMode                              0x0800590d   Thumb Code     8  stm32f4xx_ll_usb.o(i.USB_GetMode)
    USB_ReadDevAllInEpInterrupt              0x08005915   Thumb Code    14  stm32f4xx_ll_usb.o(i.USB_ReadDevAllInEpInterrupt)
    USB_ReadDevAllOutEpInterrupt             0x08005923   Thumb Code    14  stm32f4xx_ll_usb.o(i.USB_ReadDevAllOutEpInterrupt)
    USB_ReadDevInEPInterrupt                 0x08005931   Thumb Code    30  stm32f4xx_ll_usb.o(i.USB_ReadDevInEPInterrupt)
    USB_ReadDevOutEPInterrupt                0x0800594f   Thumb Code    16  stm32f4xx_ll_usb.o(i.USB_ReadDevOutEPInterrupt)
    USB_ReadInterrupts                       0x0800595f   Thumb Code     8  stm32f4xx_ll_usb.o(i.USB_ReadInterrupts)
    USB_ReadPacket                           0x08005967   Thumb Code    32  stm32f4xx_ll_usb.o(i.USB_ReadPacket)
    USB_SetCurrentMode                       0x08005987   Thumb Code    44  stm32f4xx_ll_usb.o(i.USB_SetCurrentMode)
    USB_SetDevAddress                        0x080059b3   Thumb Code    34  stm32f4xx_ll_usb.o(i.USB_SetDevAddress)
    USB_WritePacket                          0x080059d5   Thumb Code    40  stm32f4xx_ll_usb.o(i.USB_WritePacket)
    UsageFault_Handler                       0x080059fd   Thumb Code     2  stm32f4xx_it.o(i.UsageFault_Handler)
    __scatterload_copy                       0x080059ff   Thumb Code    14  handlers.o(i.__scatterload_copy)
    __scatterload_null                       0x08005a0d   Thumb Code     2  handlers.o(i.__scatterload_null)
    __scatterload_zeroinit                   0x08005a0f   Thumb Code    14  handlers.o(i.__scatterload_zeroinit)
    air_operated_Init                        0x08005a1d   Thumb Code   152  main.o(i.air_operated_Init)
    free                                     0x08005ac5   Thumb Code    76  malloc.o(i.free)
    main                                     0x08005b15   Thumb Code   206  main.o(i.main)
    malloc                                   0x08005c19   Thumb Code    92  malloc.o(i.malloc)
    APBAHBPrescTable                         0x08005c84   Data          16  stm32f4xx_hal_rcc.o(.constdata)
    Region$$Table$$Base                      0x08005c9c   Number         0  anon$$obj.o(Region$$Table)
    Region$$Table$$Limit                     0x08005cbc   Number         0  anon$$obj.o(Region$$Table)
    uwTick                                   0x20000000   Data           4  stm32f4xx_hal.o(.data)
    USBD_CDC_CfgHSDesc                       0x20000014   Data          67  usbd_cdc.o(.data)
    USBD_CDC_CfgFSDesc                       0x20000058   Data          67  usbd_cdc.o(.data)
    USBD_CDC_OtherSpeedCfgDesc               0x2000009c   Data          67  usbd_cdc.o(.data)
    USBD_CDC                                 0x200000e0   Data          56  usbd_cdc.o(.data)
    FS_Desc                                  0x2000011c   Data          28  usbd_desc.o(.data)
    USBD_LangIDDesc                          0x20000138   Data           4  usbd_desc.o(.data)
    USBD_FS_DeviceDesc                       0x2000013c   Data          18  usbd_desc.o(.data)
    MouseLeft                                0x20000150   Data           1  main.o(.data)
    MouseRight                               0x20000151   Data           1  main.o(.data)
    Yaw_except_flag                          0x20000152   Data           1  main.o(.data)
    Pitch_except_flag                        0x20000153   Data           1  main.o(.data)
    rx_len                                   0x20000154   Data           1  main.o(.data)
    recv_end_flag                            0x20000155   Data           1  main.o(.data)
    MouseX                                   0x20000156   Data           2  main.o(.data)
    MouseY                                   0x20000158   Data           2  main.o(.data)
    MouseZ                                   0x2000015a   Data           2  main.o(.data)
    key_All                                  0x2000015c   Data           2  main.o(.data)
    key_W                                    0x2000015e   Data           2  main.o(.data)
    key_S                                    0x20000160   Data           2  main.o(.data)
    key_A                                    0x20000162   Data           2  main.o(.data)
    key_D                                    0x20000164   Data           2  main.o(.data)
    key_Q                                    0x20000166   Data           2  main.o(.data)
    key_E                                    0x20000168   Data           2  main.o(.data)
    key_Shift                                0x2000016a   Data           2  main.o(.data)
    key_Ctrl                                 0x2000016c   Data           2  main.o(.data)
    ecode1                                   0x2000016e   Data           2  main.o(.data)
    ecode2                                   0x20000170   Data           2  main.o(.data)
    ecode3                                   0x20000172   Data           2  main.o(.data)
    ecode4                                   0x20000174   Data           2  main.o(.data)
    ecode5                                   0x20000176   Data           2  main.o(.data)
    ecode5_speed                             0x20000178   Data           2  main.o(.data)
    ecode6                                   0x2000017a   Data           2  main.o(.data)
    ecode6_speed                             0x2000017c   Data           2  main.o(.data)
    Yaw                                      0x2000017e   Data           2  main.o(.data)
    Yaw_except                               0x20000180   Data           2  main.o(.data)
    Chassis_Max_I                            0x20000182   Data           2  main.o(.data)
    ch0                                      0x20000184   Data           4  main.o(.data)
    ch1                                      0x20000188   Data           4  main.o(.data)
    ch2                                      0x2000018c   Data           4  main.o(.data)
    ch3                                      0x20000190   Data           4  main.o(.data)
    s1                                       0x20000194   Data           4  main.o(.data)
    s2                                       0x20000198   Data           4  main.o(.data)
    Dbus                                     0x2000019c   Data           4  main.o(.data)
    NUM1                                     0x200001a0   Data           4  main.o(.data)
    NUM2                                     0x200001a4   Data           4  main.o(.data)
    NUM3                                     0x200001a8   Data           4  main.o(.data)
    NUM4                                     0x200001ac   Data           4  main.o(.data)
    NUM5                                     0x200001b0   Data           4  main.o(.data)
    NUM6                                     0x200001b4   Data           4  main.o(.data)
    NUM7                                     0x200001b8   Data           4  main.o(.data)
    NUM8                                     0x200001bc   Data           4  main.o(.data)
    Speed1                                   0x200001c0   Data           4  main.o(.data)
    Speed2                                   0x200001c4   Data           4  main.o(.data)
    Speed3                                   0x200001c8   Data           4  main.o(.data)
    Speed4                                   0x200001cc   Data           4  main.o(.data)
    Pitch                                    0x200001d0   Data           4  main.o(.data)
    xa                                       0x200001d4   Data           4  main.o(.data)
    xb                                       0x200001d8   Data           4  main.o(.data)
    xc                                       0x200001dc   Data           4  main.o(.data)
    xd                                       0x200001e0   Data           4  main.o(.data)
    err                                      0x200001e4   Data           8  main.o(.data)
    USBD_Interface_fops_FS                   0x200001ec   Data          16  usbd_cdc_if.o(.data)
    UserRxBufferFS                           0x200001fc   Data           4  usbd_cdc_if.o(.data)
    UserTxBufferFS                           0x20000200   Data           4  usbd_cdc_if.o(.data)
    SystemCoreClock                          0x20000208   Data           4  system_stm32f4xx.o(.data)
    USART_RX_STA                             0x2000020c   Data           2  test_uart.o(.data)
    Read_Pitch                               0x20000210   Data           4  test_uart.o(.data)
    Read_GYaw                                0x20000214   Data           4  test_uart.o(.data)
    Read_Roll                                0x20000218   Data           4  test_uart.o(.data)
    Read_wx                                  0x2000021c   Data           4  test_uart.o(.data)
    Read_wy                                  0x20000220   Data           4  test_uart.o(.data)
    Read_wz                                  0x20000224   Data           4  test_uart.o(.data)
    a                                        0x20000228   Data           4  test_uart.o(.data)
    b                                        0x2000022c   Data           4  test_uart.o(.data)
    c                                        0x20000230   Data           4  test_uart.o(.data)
    d                                        0x20000234   Data           4  test_uart.o(.data)
    rnd                                      0x20000238   Data           4  test_uart.o(.data)
    sign1                                    0x2000023c   Data           4  test_uart.o(.data)
    sign2                                    0x20000240   Data           4  test_uart.o(.data)
    sign3                                    0x20000244   Data           4  test_uart.o(.data)
    sign4                                    0x20000248   Data           4  test_uart.o(.data)
    Q_DATA_TYPE                              0x2000024c   Data           4  test_uart.o(.data)
    uart3_rx_buff                            0x20000250   Data           1  test_uart.o(.data)
    read_ecoder_last                         0x20000258   Data           2  yaw_contral.o(.data)
    Yaw_Location_least                       0x2000025a   Data           2  yaw_contral.o(.data)
    Yaw_Speed_least                          0x2000025c   Data           2  yaw_contral.o(.data)
    Yaw_Chassis_least                        0x2000025e   Data           2  yaw_contral.o(.data)
    Yaw_except_v                             0x20000260   Data           2  yaw_contral.o(.data)
    Yaw_except_i                             0x2000026c   Data           4  yaw_contral.o(.data)
    Yaw_init                                 0x20000270   Data           4  yaw_contral.o(.data)
    Yaw_init2                                0x20000274   Data           4  yaw_contral.o(.data)
    __microlib_freelist                      0x20000310   Data           4  mvars.o(.data)
    __microlib_freelist_initialised          0x20000314   Data           4  mvars.o(.data)
    huart1                                   0x20000318   Data          64  usart.o(.bss)
    huart2                                   0x20000358   Data          64  usart.o(.bss)
    huart3                                   0x20000398   Data          64  usart.o(.bss)
    huart6                                   0x200003d8   Data          64  usart.o(.bss)
    hdma_usart1_rx                           0x20000418   Data          96  usart.o(.bss)
    can1_rx_data_buf                         0x20000478   Data          48  stm32f4xx_it.o(.bss)
    hUsbDeviceFS                             0x200004a8   Data         548  usb_device.o(.bss)
    hpcd_USB_OTG_FS                          0x200006cc   Data         952  usbd_conf.o(.bss)
    USBD_StrDesc                             0x20000a84   Data         128  usbd_desc.o(.bss)
    Yaw_DiffValue                            0x20000b18   Data          20  main.o(.bss)
    Yaw_IntegralValue                        0x20000b2c   Data          20  main.o(.bss)
    rx_buffer                                0x20000b40   Data          18  main.o(.bss)
    hcan1                                    0x20000b54   Data          64  can.o(.bss)
    hcan2                                    0x20000b94   Data          64  can.o(.bss)
    hspi5                                    0x20000bd4   Data          88  spi.o(.bss)
    htim2                                    0x20000c2c   Data          60  tim.o(.bss)
    htim3                                    0x20000c68   Data          60  tim.o(.bss)
    htim4                                    0x20000ca4   Data          60  tim.o(.bss)
    htim5                                    0x20000ce0   Data          60  tim.o(.bss)
    htim6                                    0x20000d1c   Data          60  tim.o(.bss)
    htim8                                    0x20000d58   Data          60  tim.o(.bss)
    htim12                                   0x20000d94   Data          60  tim.o(.bss)
    mybuff                                   0x20000e50   Data          30  test_uart.o(.bss)
    mybuff2                                  0x20000e6e   Data          30  test_uart.o(.bss)
    USART_RX_BUF                             0x20000e8c   Data         100  test_uart.o(.bss)
    uart6_rx_buff                            0x20000ef0   Data          50  test_uart.o(.bss)
    uart2_rx_buff                            0x20000f22   Data          10  test_uart.o(.bss)
    uart6_tx_buff                            0x20000f2c   Data          21  test_uart.o(.bss)
    __heap_base                              0x20000f48   Data           0  startup_stm32f427xx.o(HEAP)
    __heap_limit                             0x20001f48   Data           0  startup_stm32f427xx.o(HEAP)
    __initial_sp                             0x20002348   Data           0  startup_stm32f427xx.o(STACK)



==============================================================================

Memory Map of the image

  Image Entry point : 0x080001ad

  Load Region LR_IROM1 (Base: 0x08000000, Size: 0x00005fd4, Max: 0x00200000, ABSOLUTE, COMPRESSED[0x00005d8c])

    Execution Region ER_IROM1 (Base: 0x08000000, Size: 0x00005cbc, Max: 0x00200000, ABSOLUTE)

    Base Addr    Size         Type   Attr      Idx    E Section Name        Object

    0x08000000   0x000001ac   Data   RO            3    RESET               startup_stm32f427xx.o
    0x080001ac   0x00000000   Code   RO         5129  * .ARM.Collect$$$$00000000  mc_w.l(entry.o)
    0x080001ac   0x00000004   Code   RO         5441    .ARM.Collect$$$$00000001  mc_w.l(entry2.o)
    0x080001b0   0x00000004   Code   RO         5444    .ARM.Collect$$$$00000004  mc_w.l(entry5.o)
    0x080001b4   0x00000000   Code   RO         5446    .ARM.Collect$$$$00000008  mc_w.l(entry7b.o)
    0x080001b4   0x00000000   Code   RO         5448    .ARM.Collect$$$$0000000A  mc_w.l(entry8b.o)
    0x080001b4   0x00000008   Code   RO         5449    .ARM.Collect$$$$0000000B  mc_w.l(entry9a.o)
    0x080001bc   0x00000000   Code   RO         5451    .ARM.Collect$$$$0000000D  mc_w.l(entry10a.o)
    0x080001bc   0x00000000   Code   RO         5453    .ARM.Collect$$$$0000000F  mc_w.l(entry11a.o)
    0x080001bc   0x00000004   Code   RO         5442    .ARM.Collect$$$$00002712  mc_w.l(entry2.o)
    0x080001c0   0x00000024   Code   RO            4    .text               startup_stm32f427xx.o
    0x080001e4   0x00000024   Code   RO         5132    .text               mc_w.l(memcpya.o)
    0x08000208   0x00000024   Code   RO         5134    .text               mc_w.l(memseta.o)
    0x0800022c   0x00000024   Code   RO         5477    .text               mc_w.l(init.o)
    0x08000250   0x00000056   Code   RO         5487    .text               mc_w.l(__dczerorl2.o)
    0x080002a6   0x00000002   Code   RO         3711    i.BusFault_Handler  stm32f4xx_it.o
    0x080002a8   0x0000001c   Code   RO         3712    i.CAN1_RX0_IRQHandler  stm32f4xx_it.o
    0x080002c4   0x0000000c   Code   RO         3713    i.CAN1_TX_IRQHandler  stm32f4xx_it.o
    0x080002d0   0x0000000c   Code   RO         3714    i.CAN2_RX0_IRQHandler  stm32f4xx_it.o
    0x080002dc   0x0000000c   Code   RO         3715    i.CAN2_TX_IRQHandler  stm32f4xx_it.o
    0x080002e8   0x0000012c   Code   RO          694    i.CAN_Receive_IT    stm32f4xx_hal_can.o
    0x08000414   0x00000060   Code   RO          695    i.CAN_Transmit_IT   stm32f4xx_hal_can.o
    0x08000474   0x00000004   Code   RO         4357    i.CDC_Control_FS    usbd_cdc_if.o
    0x08000478   0x00000004   Code   RO         4358    i.CDC_DeInit_FS     usbd_cdc_if.o
    0x0800047c   0x00000024   Code   RO         4359    i.CDC_Init_FS       usbd_cdc_if.o
    0x080004a0   0x00000018   Code   RO         4360    i.CDC_Receive_FS    usbd_cdc_if.o
    0x080004b8   0x00000054   Code   RO         4724    i.CanFilter_Init    test_can.o
    0x0800050c   0x0000000c   Code   RO         3716    i.DMA2_Stream2_IRQHandler  stm32f4xx_it.o
    0x08000518   0x00000028   Code   RO         1103    i.DMA_CalcBaseAndBitshift  stm32f4xx_hal_dma.o
    0x08000540   0x00000054   Code   RO         1104    i.DMA_CheckFifoParam  stm32f4xx_hal_dma.o
    0x08000594   0x00000028   Code   RO         1105    i.DMA_SetConfig     stm32f4xx_hal_dma.o
    0x080005bc   0x00000002   Code   RO         3717    i.DebugMon_Handler  stm32f4xx_it.o
    0x080005be   0x00000006   Code   RO         3718    i.EXTI1_IRQHandler  stm32f4xx_it.o
    0x080005c4   0x00000002   Code   RO         4171    i.Error_Handler     main.o
    0x080005c6   0x00000002   PAD
    0x080005c8   0x000000e4   Code   RO          696    i.HAL_CAN_ConfigFilter  stm32f4xx_hal_can.o
    0x080006ac   0x00000002   Code   RO          698    i.HAL_CAN_ErrorCallback  stm32f4xx_hal_can.o
    0x080006ae   0x00000002   PAD
    0x080006b0   0x00000180   Code   RO          701    i.HAL_CAN_IRQHandler  stm32f4xx_hal_can.o
    0x08000830   0x00000148   Code   RO          702    i.HAL_CAN_Init      stm32f4xx_hal_can.o
    0x08000978   0x000000e0   Code   RO         4434    i.HAL_CAN_MspInit   can.o
    0x08000a58   0x00000086   Code   RO          706    i.HAL_CAN_Receive_IT  stm32f4xx_hal_can.o
    0x08000ade   0x00000002   PAD
    0x08000ae0   0x00000020   Code   RO         4725    i.HAL_CAN_RxCpltCallback  test_can.o
    0x08000b00   0x00000002   Code   RO          711    i.HAL_CAN_TxCpltCallback  stm32f4xx_hal_can.o
    0x08000b02   0x0000008e   Code   RO         1106    i.HAL_DMA_Abort     stm32f4xx_hal_dma.o
    0x08000b90   0x00000024   Code   RO         1107    i.HAL_DMA_Abort_IT  stm32f4xx_hal_dma.o
    0x08000bb4   0x000001a8   Code   RO         1111    i.HAL_DMA_IRQHandler  stm32f4xx_hal_dma.o
    0x08000d5c   0x000000d0   Code   RO         1112    i.HAL_DMA_Init      stm32f4xx_hal_dma.o
    0x08000e2c   0x00000078   Code   RO         1116    i.HAL_DMA_Start_IT  stm32f4xx_hal_dma.o
    0x08000ea4   0x00000016   Code   RO         2881    i.HAL_Delay         stm32f4xx_hal.o
    0x08000eba   0x00000002   Code   RO         2013    i.HAL_GPIO_EXTI_Callback  stm32f4xx_hal_gpio.o
    0x08000ebc   0x00000018   Code   RO         2014    i.HAL_GPIO_EXTI_IRQHandler  stm32f4xx_hal_gpio.o
    0x08000ed4   0x000001cc   Code   RO         2015    i.HAL_GPIO_Init     stm32f4xx_hal_gpio.o
    0x080010a0   0x0000000a   Code   RO         2019    i.HAL_GPIO_WritePin  stm32f4xx_hal_gpio.o
    0x080010aa   0x00000002   PAD
    0x080010ac   0x0000000c   Code   RO         2889    i.HAL_GetTick       stm32f4xx_hal.o
    0x080010b8   0x00000010   Code   RO         2890    i.HAL_IncTick       stm32f4xx_hal.o
    0x080010c8   0x00000034   Code   RO         2891    i.HAL_Init          stm32f4xx_hal.o
    0x080010fc   0x00000028   Code   RO         2892    i.HAL_InitTick      stm32f4xx_hal.o
    0x08001124   0x00000058   Code   RO         4409    i.HAL_MspInit       stm32f4xx_hal_msp.o
    0x0800117c   0x0000008e   Code   RO          449    i.HAL_MultiProcessor_Init  stm32f4xx_hal_uart.o
    0x0800120a   0x00000016   Code   RO         3066    i.HAL_NVIC_EnableIRQ  stm32f4xx_hal_cortex.o
    0x08001220   0x00000040   Code   RO         3072    i.HAL_NVIC_SetPriority  stm32f4xx_hal_cortex.o
    0x08001260   0x00000024   Code   RO         3073    i.HAL_NVIC_SetPriorityGrouping  stm32f4xx_hal_cortex.o
    0x08001284   0x00000008   Code   RO         3033    i.HAL_PCDEx_SetRxFiFo  stm32f4xx_hal_pcd_ex.o
    0x0800128c   0x00000044   Code   RO         3034    i.HAL_PCDEx_SetTxFiFo  stm32f4xx_hal_pcd_ex.o
    0x080012d0   0x00000008   Code   RO         3912    i.HAL_PCD_ConnectCallback  usbd_conf.o
    0x080012d8   0x00000012   Code   RO         3913    i.HAL_PCD_DataInStageCallback  usbd_conf.o
    0x080012ea   0x00000014   Code   RO         3914    i.HAL_PCD_DataOutStageCallback  usbd_conf.o
    0x080012fe   0x00000008   Code   RO         3915    i.HAL_PCD_DisconnectCallback  usbd_conf.o
    0x08001306   0x00000044   Code   RO           22    i.HAL_PCD_EP_Close  stm32f4xx_hal_pcd.o
    0x0800134a   0x00000050   Code   RO           23    i.HAL_PCD_EP_ClrStall  stm32f4xx_hal_pcd.o
    0x0800139a   0x00000014   Code   RO           25    i.HAL_PCD_EP_GetRxCount  stm32f4xx_hal_pcd.o
    0x080013ae   0x00000054   Code   RO           26    i.HAL_PCD_EP_Open   stm32f4xx_hal_pcd.o
    0x08001402   0x00000002   PAD
    0x08001404   0x0000005e   Code   RO           27    i.HAL_PCD_EP_Receive  stm32f4xx_hal_pcd.o
    0x08001462   0x00000060   Code   RO           28    i.HAL_PCD_EP_SetStall  stm32f4xx_hal_pcd.o
    0x080014c2   0x00000056   Code   RO           29    i.HAL_PCD_EP_Transmit  stm32f4xx_hal_pcd.o
    0x08001518   0x000004f4   Code   RO           31    i.HAL_PCD_IRQHandler  stm32f4xx_hal_pcd.o
    0x08001a0c   0x00000008   Code   RO         3916    i.HAL_PCD_ISOINIncompleteCallback  usbd_conf.o
    0x08001a14   0x00000008   Code   RO         3917    i.HAL_PCD_ISOOUTIncompleteCallback  usbd_conf.o
    0x08001a1c   0x000000be   Code   RO           34    i.HAL_PCD_Init      stm32f4xx_hal_pcd.o
    0x08001ada   0x00000002   PAD
    0x08001adc   0x0000007c   Code   RO         3919    i.HAL_PCD_MspInit   usbd_conf.o
    0x08001b58   0x00000020   Code   RO         3920    i.HAL_PCD_ResetCallback  usbd_conf.o
    0x08001b78   0x00000008   Code   RO         3921    i.HAL_PCD_ResumeCallback  usbd_conf.o
    0x08001b80   0x00000008   Code   RO         3922    i.HAL_PCD_SOFCallback  usbd_conf.o
    0x08001b88   0x00000024   Code   RO           40    i.HAL_PCD_SetAddress  stm32f4xx_hal_pcd.o
    0x08001bac   0x0000000e   Code   RO         3923    i.HAL_PCD_SetupStageCallback  usbd_conf.o
    0x08001bba   0x0000002a   Code   RO           42    i.HAL_PCD_Start     stm32f4xx_hal_pcd.o
    0x08001be4   0x00000030   Code   RO         3924    i.HAL_PCD_SuspendCallback  usbd_conf.o
    0x08001c14   0x0000017c   Code   RO          338    i.HAL_RCC_ClockConfig  stm32f4xx_hal_rcc.o
    0x08001d90   0x0000000c   Code   RO          343    i.HAL_RCC_GetHCLKFreq  stm32f4xx_hal_rcc.o
    0x08001d9c   0x00000030   Code   RO          345    i.HAL_RCC_GetPCLK1Freq  stm32f4xx_hal_rcc.o
    0x08001dcc   0x00000030   Code   RO          346    i.HAL_RCC_GetPCLK2Freq  stm32f4xx_hal_rcc.o
    0x08001dfc   0x00000074   Code   RO          347    i.HAL_RCC_GetSysClockFreq  stm32f4xx_hal_rcc.o
    0x08001e70   0x000002e4   Code   RO          350    i.HAL_RCC_OscConfig  stm32f4xx_hal_rcc.o
    0x08002154   0x00000080   Code   RO          832    i.HAL_SPI_Init      stm32f4xx_hal_spi.o
    0x080021d4   0x0000004c   Code   RO         4531    i.HAL_SPI_MspInit   spi.o
    0x08002220   0x00000018   Code   RO         3075    i.HAL_SYSTICK_CLKSourceConfig  stm32f4xx_hal_cortex.o
    0x08002238   0x00000002   Code   RO         3076    i.HAL_SYSTICK_Callback  stm32f4xx_hal_cortex.o
    0x0800223a   0x00000028   Code   RO         3077    i.HAL_SYSTICK_Config  stm32f4xx_hal_cortex.o
    0x08002262   0x00000008   Code   RO         3078    i.HAL_SYSTICK_IRQHandler  stm32f4xx_hal_cortex.o
    0x0800226a   0x00000002   Code   RO         2078    i.HAL_TIMEx_BreakCallback  stm32f4xx_hal_tim_ex.o
    0x0800226c   0x00000002   Code   RO         2079    i.HAL_TIMEx_CommutationCallback  stm32f4xx_hal_tim_ex.o
    0x0800226e   0x00000042   Code   RO         2080    i.HAL_TIMEx_ConfigBreakDeadTime  stm32f4xx_hal_tim_ex.o
    0x080022b0   0x00000050   Code   RO         2095    i.HAL_TIMEx_MasterConfigSynchronization  stm32f4xx_hal_tim_ex.o
    0x08002300   0x00000036   Code   RO         1283    i.HAL_TIM_Base_Init  stm32f4xx_hal_tim.o
    0x08002336   0x00000002   PAD
    0x08002338   0x000000c8   Code   RO         4573    i.HAL_TIM_Base_MspInit  tim.o
    0x08002400   0x00000018   Code   RO         1288    i.HAL_TIM_Base_Start_IT  stm32f4xx_hal_tim.o
    0x08002418   0x000000f2   Code   RO         1292    i.HAL_TIM_ConfigClockSource  stm32f4xx_hal_tim.o
    0x0800250a   0x00000002   Code   RO         1312    i.HAL_TIM_IC_CaptureCallback  stm32f4xx_hal_tim.o
    0x0800250c   0x00000166   Code   RO         1325    i.HAL_TIM_IRQHandler  stm32f4xx_hal_tim.o
    0x08002672   0x00000002   PAD
    0x08002674   0x000000e4   Code   RO         4574    i.HAL_TIM_MspPostInit  tim.o
    0x08002758   0x00000002   Code   RO         1328    i.HAL_TIM_OC_DelayElapsedCallback  stm32f4xx_hal_tim.o
    0x0800275a   0x000000d0   Code   RO         1349    i.HAL_TIM_PWM_ConfigChannel  stm32f4xx_hal_tim.o
    0x0800282a   0x00000036   Code   RO         1352    i.HAL_TIM_PWM_Init  stm32f4xx_hal_tim.o
    0x08002860   0x00000002   Code   RO         1354    i.HAL_TIM_PWM_MspInit  stm32f4xx_hal_tim.o
    0x08002862   0x00000002   Code   RO         1355    i.HAL_TIM_PWM_PulseFinishedCallback  stm32f4xx_hal_tim.o
    0x08002864   0x00000038   Code   RO         1356    i.HAL_TIM_PWM_Start  stm32f4xx_hal_tim.o
    0x0800289c   0x00000002   Code   RO         1362    i.HAL_TIM_PeriodElapsedCallback  stm32f4xx_hal_tim.o
    0x0800289e   0x00000002   Code   RO         1366    i.HAL_TIM_TriggerCallback  stm32f4xx_hal_tim.o
    0x080028a0   0x00000058   Code   RO          452    i.HAL_UART_DMAStop  stm32f4xx_hal_uart.o
    0x080028f8   0x00000002   Code   RO          454    i.HAL_UART_ErrorCallback  stm32f4xx_hal_uart.o
    0x080028fa   0x00000002   PAD
    0x080028fc   0x00000110   Code   RO          457    i.HAL_UART_IRQHandler  stm32f4xx_hal_uart.o
    0x08002a0c   0x00000062   Code   RO          458    i.HAL_UART_Init     stm32f4xx_hal_uart.o
    0x08002a6e   0x00000002   PAD
    0x08002a70   0x00000144   Code   RO         3640    i.HAL_UART_MspInit  usart.o
    0x08002bb4   0x00000090   Code   RO          462    i.HAL_UART_Receive_DMA  stm32f4xx_hal_uart.o
    0x08002c44   0x00000048   Code   RO          463    i.HAL_UART_Receive_IT  stm32f4xx_hal_uart.o
    0x08002c8c   0x00000390   Code   RO         4878    i.HAL_UART_RxCpltCallback  test_uart.o
    0x0800301c   0x00000002   Code   RO          465    i.HAL_UART_RxHalfCpltCallback  stm32f4xx_hal_uart.o
    0x0800301e   0x000000ba   Code   RO          466    i.HAL_UART_Transmit  stm32f4xx_hal_uart.o
    0x080030d8   0x00000002   Code   RO          469    i.HAL_UART_TxCpltCallback  stm32f4xx_hal_uart.o
    0x080030da   0x00000002   Code   RO         3719    i.HardFault_Handler  stm32f4xx_it.o
    0x080030dc   0x00000048   Code   RO         4435    i.MX_CAN1_Init      can.o
    0x08003124   0x00000048   Code   RO         4436    i.MX_CAN2_Init      can.o
    0x0800316c   0x0000002c   Code   RO         4482    i.MX_DMA_Init       dma.o
    0x08003198   0x00000154   Code   RO         4506    i.MX_GPIO_Init      gpio.o
    0x080032ec   0x00000048   Code   RO         4532    i.MX_SPI5_Init      spi.o
    0x08003334   0x00000088   Code   RO         4575    i.MX_TIM12_Init     tim.o
    0x080033bc   0x000000b0   Code   RO         4576    i.MX_TIM2_Init      tim.o
    0x0800346c   0x00000080   Code   RO         4577    i.MX_TIM3_Init      tim.o
    0x080034ec   0x000000ac   Code   RO         4578    i.MX_TIM4_Init      tim.o
    0x08003598   0x000000ac   Code   RO         4579    i.MX_TIM5_Init      tim.o
    0x08003644   0x00000040   Code   RO         4580    i.MX_TIM6_Init      tim.o
    0x08003684   0x000000d8   Code   RO         4581    i.MX_TIM8_Init      tim.o
    0x0800375c   0x00000040   Code   RO         3641    i.MX_USART1_UART_Init  usart.o
    0x0800379c   0x00000038   Code   RO         3642    i.MX_USART2_UART_Init  usart.o
    0x080037d4   0x0000003c   Code   RO         3643    i.MX_USART3_UART_Init  usart.o
    0x08003810   0x0000003c   Code   RO         3644    i.MX_USART6_UART_Init  usart.o
    0x0800384c   0x00000038   Code   RO         3874    i.MX_USB_DEVICE_Init  usb_device.o
    0x08003884   0x00000002   Code   RO         3720    i.MemManage_Handler  stm32f4xx_it.o
    0x08003886   0x00000002   PAD
    0x08003888   0x00000108   Code   RO         4726    i.Message_buffer    test_can.o
    0x08003990   0x00000002   Code   RO         3721    i.NMI_Handler       stm32f4xx_it.o
    0x08003992   0x00000020   Code   RO         3079    i.NVIC_SetPriority  stm32f4xx_hal_cortex.o
    0x080039b2   0x00000002   PAD
    0x080039b4   0x0000000c   Code   RO         3722    i.OTG_FS_IRQHandler  stm32f4xx_it.o
    0x080039c0   0x00000088   Code   RO           45    i.PCD_WriteEmptyTxFifo  stm32f4xx_hal_pcd.o
    0x08003a48   0x00000002   Code   RO         3723    i.PendSV_Handler    stm32f4xx_it.o
    0x08003a4a   0x00000002   PAD
    0x08003a4c   0x000000cc   Code   RO         4174    i.ReadContral       main.o
    0x08003b18   0x00000064   Code   RO         4175    i.ReadEncode        main.o
    0x08003b7c   0x00000002   Code   RO         3724    i.SVC_Handler       stm32f4xx_it.o
    0x08003b7e   0x00000002   PAD
    0x08003b80   0x00000174   Code   RO         4879    i.Send_CarBus       test_uart.o
    0x08003cf4   0x0000000e   Code   RO         3725    i.SysTick_Handler   stm32f4xx_it.o
    0x08003d02   0x00000002   PAD
    0x08003d04   0x000000a0   Code   RO         4177    i.SystemClock_Config  main.o
    0x08003da4   0x00000054   Code   RO         4687    i.SystemInit        system_stm32f4xx.o
    0x08003df8   0x00000018   Code   RO         3726    i.TIM6_DAC_IRQHandler  stm32f4xx_it.o
    0x08003e10   0x000000c0   Code   RO         1367    i.TIM_Base_SetConfig  stm32f4xx_hal_tim.o
    0x08003ed0   0x00000016   Code   RO         1368    i.TIM_CCxChannelCmd  stm32f4xx_hal_tim.o
    0x08003ee6   0x00000014   Code   RO         1374    i.TIM_ETR_SetConfig  stm32f4xx_hal_tim.o
    0x08003efa   0x00000010   Code   RO         1375    i.TIM_ITRx_SetConfig  stm32f4xx_hal_tim.o
    0x08003f0a   0x00000002   PAD
    0x08003f0c   0x00000058   Code   RO         1376    i.TIM_OC1_SetConfig  stm32f4xx_hal_tim.o
    0x08003f64   0x00000064   Code   RO         1377    i.TIM_OC2_SetConfig  stm32f4xx_hal_tim.o
    0x08003fc8   0x00000060   Code   RO         1378    i.TIM_OC3_SetConfig  stm32f4xx_hal_tim.o
    0x08004028   0x00000050   Code   RO         1379    i.TIM_OC4_SetConfig  stm32f4xx_hal_tim.o
    0x08004078   0x00000022   Code   RO         1381    i.TIM_TI1_ConfigInputStage  stm32f4xx_hal_tim.o
    0x0800409a   0x00000024   Code   RO         1383    i.TIM_TI2_ConfigInputStage  stm32f4xx_hal_tim.o
    0x080040be   0x00000010   Code   RO          471    i.UART_DMAAbortOnError  stm32f4xx_hal_uart.o
    0x080040ce   0x0000004a   Code   RO          472    i.UART_DMAError     stm32f4xx_hal_uart.o
    0x08004118   0x0000003c   Code   RO          473    i.UART_DMAReceiveCplt  stm32f4xx_hal_uart.o
    0x08004154   0x0000000a   Code   RO          474    i.UART_DMARxHalfCplt  stm32f4xx_hal_uart.o
    0x0800415e   0x0000001c   Code   RO          477    i.UART_EndRxTransfer  stm32f4xx_hal_uart.o
    0x0800417a   0x00000012   Code   RO          478    i.UART_EndTxTransfer  stm32f4xx_hal_uart.o
    0x0800418c   0x0000008c   Code   RO          479    i.UART_Receive_IT   stm32f4xx_hal_uart.o
    0x08004218   0x000002ac   Code   RO          480    i.UART_SetConfig    stm32f4xx_hal_uart.o
    0x080044c4   0x00000062   Code   RO          481    i.UART_Transmit_IT  stm32f4xx_hal_uart.o
    0x08004526   0x00000064   Code   RO          482    i.UART_WaitOnFlagUntilTimeout  stm32f4xx_hal_uart.o
    0x0800458a   0x00000002   PAD
    0x0800458c   0x00000048   Code   RO         3727    i.USART1_IRQHandler  stm32f4xx_it.o
    0x080045d4   0x0000000c   Code   RO         3728    i.USART2_IRQHandler  stm32f4xx_it.o
    0x080045e0   0x00000020   Code   RO         3729    i.USART3_IRQHandler  stm32f4xx_it.o
    0x08004600   0x00000020   Code   RO         3730    i.USART6_IRQHandler  stm32f4xx_it.o
    0x08004620   0x00000014   Code   RO         3245    i.USBD_CDC_DataIn   usbd_cdc.o
    0x08004634   0x0000002e   Code   RO         3246    i.USBD_CDC_DataOut  usbd_cdc.o
    0x08004662   0x0000003c   Code   RO         3247    i.USBD_CDC_DeInit   usbd_cdc.o
    0x0800469e   0x00000024   Code   RO         3248    i.USBD_CDC_EP0_RxReady  usbd_cdc.o
    0x080046c2   0x00000002   PAD
    0x080046c4   0x0000000c   Code   RO         3249    i.USBD_CDC_GetDeviceQualifierDescriptor  usbd_cdc.o
    0x080046d0   0x0000000c   Code   RO         3250    i.USBD_CDC_GetFSCfgDesc  usbd_cdc.o
    0x080046dc   0x0000000c   Code   RO         3251    i.USBD_CDC_GetHSCfgDesc  usbd_cdc.o
    0x080046e8   0x0000000c   Code   RO         3252    i.USBD_CDC_GetOtherSpeedCfgDesc  usbd_cdc.o
    0x080046f4   0x00000088   Code   RO         3253    i.USBD_CDC_Init     usbd_cdc.o
    0x0800477c   0x00000028   Code   RO         3254    i.USBD_CDC_ReceivePacket  usbd_cdc.o
    0x080047a4   0x00000010   Code   RO         3255    i.USBD_CDC_RegisterInterface  usbd_cdc.o
    0x080047b4   0x0000000c   Code   RO         3256    i.USBD_CDC_SetRxBuffer  usbd_cdc.o
    0x080047c0   0x00000010   Code   RO         3257    i.USBD_CDC_SetTxBuffer  usbd_cdc.o
    0x080047d0   0x00000070   Code   RO         3258    i.USBD_CDC_Setup    usbd_cdc.o
    0x08004840   0x0000000e   Code   RO         3441    i.USBD_ClrClassConfig  usbd_core.o
    0x0800484e   0x00000010   Code   RO         3579    i.USBD_CtlContinueRx  usbd_ioreq.o
    0x0800485e   0x00000010   Code   RO         3580    i.USBD_CtlContinueSendData  usbd_ioreq.o
    0x0800486e   0x00000016   Code   RO         3376    i.USBD_CtlError     usbd_ctlreq.o
    0x08004884   0x0000001e   Code   RO         3581    i.USBD_CtlPrepareRx  usbd_ioreq.o
    0x080048a2   0x00000016   Code   RO         3582    i.USBD_CtlReceiveStatus  usbd_ioreq.o
    0x080048b8   0x0000001a   Code   RO         3583    i.USBD_CtlSendData  usbd_ioreq.o
    0x080048d2   0x00000016   Code   RO         3584    i.USBD_CtlSendStatus  usbd_ioreq.o
    0x080048e8   0x00000020   Code   RO         4101    i.USBD_FS_ConfigStrDescriptor  usbd_desc.o
    0x08004908   0x0000000c   Code   RO         4102    i.USBD_FS_DeviceDescriptor  usbd_desc.o
    0x08004914   0x00000024   Code   RO         4103    i.USBD_FS_InterfaceStrDescriptor  usbd_desc.o
    0x08004938   0x0000000c   Code   RO         4104    i.USBD_FS_LangIDStrDescriptor  usbd_desc.o
    0x08004944   0x00000028   Code   RO         4105    i.USBD_FS_ManufacturerStrDescriptor  usbd_desc.o
    0x0800496c   0x0000002c   Code   RO         4106    i.USBD_FS_ProductStrDescriptor  usbd_desc.o
    0x08004998   0x00000024   Code   RO         4107    i.USBD_FS_SerialStrDescriptor  usbd_desc.o
    0x080049bc   0x000000e0   Code   RO         3377    i.USBD_GetDescriptor  usbd_ctlreq.o
    0x08004a9c   0x00000046   Code   RO         3378    i.USBD_GetString    usbd_ctlreq.o
    0x08004ae2   0x0000002a   Code   RO         3443    i.USBD_Init         usbd_core.o
    0x08004b0c   0x0000000e   Code   RO         3925    i.USBD_LL_ClearStallEP  usbd_conf.o
    0x08004b1a   0x0000000e   Code   RO         3926    i.USBD_LL_CloseEP   usbd_conf.o
    0x08004b28   0x000000aa   Code   RO         3444    i.USBD_LL_DataInStage  usbd_core.o
    0x08004bd2   0x0000006a   Code   RO         3445    i.USBD_LL_DataOutStage  usbd_core.o
    0x08004c3c   0x00000004   Code   RO         3446    i.USBD_LL_DevConnected  usbd_core.o
    0x08004c40   0x00000016   Code   RO         3447    i.USBD_LL_DevDisconnected  usbd_core.o
    0x08004c56   0x00000008   Code   RO         3930    i.USBD_LL_GetRxDataSize  usbd_conf.o
    0x08004c5e   0x00000002   PAD
    0x08004c60   0x00000060   Code   RO         3931    i.USBD_LL_Init      usbd_conf.o
    0x08004cc0   0x00000020   Code   RO         3932    i.USBD_LL_IsStallEP  usbd_conf.o
    0x08004ce0   0x00000004   Code   RO         3448    i.USBD_LL_IsoINIncomplete  usbd_core.o
    0x08004ce4   0x00000004   Code   RO         3449    i.USBD_LL_IsoOUTIncomplete  usbd_core.o
    0x08004ce8   0x00000014   Code   RO         3933    i.USBD_LL_OpenEP    usbd_conf.o
    0x08004cfc   0x0000000e   Code   RO         3934    i.USBD_LL_PrepareReceive  usbd_conf.o
    0x08004d0a   0x0000003e   Code   RO         3450    i.USBD_LL_Reset     usbd_core.o
    0x08004d48   0x0000000c   Code   RO         3451    i.USBD_LL_Resume    usbd_core.o
    0x08004d54   0x00000018   Code   RO         3452    i.USBD_LL_SOF       usbd_core.o
    0x08004d6c   0x00000006   Code   RO         3453    i.USBD_LL_SetSpeed  usbd_core.o
    0x08004d72   0x0000000e   Code   RO         3935    i.USBD_LL_SetUSBAddress  usbd_conf.o
    0x08004d80   0x0000005a   Code   RO         3454    i.USBD_LL_SetupStage  usbd_core.o
    0x08004dda   0x0000000e   Code   RO         3936    i.USBD_LL_StallEP   usbd_conf.o
    0x08004de8   0x0000000e   Code   RO         3937    i.USBD_LL_Start     usbd_conf.o
    0x08004df6   0x00000012   Code   RO         3455    i.USBD_LL_Suspend   usbd_core.o
    0x08004e08   0x0000000e   Code   RO         3939    i.USBD_LL_Transmit  usbd_conf.o
    0x08004e16   0x00000028   Code   RO         3379    i.USBD_ParseSetupRequest  usbd_ctlreq.o
    0x08004e3e   0x00000010   Code   RO         3456    i.USBD_RegisterClass  usbd_core.o
    0x08004e4e   0x00000016   Code   RO         3458    i.USBD_SetClassConfig  usbd_core.o
    0x08004e64   0x00000074   Code   RO         3380    i.USBD_SetConfig    usbd_ctlreq.o
    0x08004ed8   0x0000000a   Code   RO         3459    i.USBD_Start        usbd_core.o
    0x08004ee2   0x000000f2   Code   RO         3381    i.USBD_StdDevReq    usbd_ctlreq.o
    0x08004fd4   0x000000dc   Code   RO         3382    i.USBD_StdEPReq     usbd_ctlreq.o
    0x080050b0   0x00000034   Code   RO         3383    i.USBD_StdItfReq    usbd_ctlreq.o
    0x080050e4   0x00000080   Code   RO         2592    i.USB_ActivateEndpoint  stm32f4xx_ll_usb.o
    0x08005164   0x00000034   Code   RO         2593    i.USB_ActivateSetup  stm32f4xx_ll_usb.o
    0x08005198   0x00000064   Code   RO         2595    i.USB_CoreInit      stm32f4xx_ll_usb.o
    0x080051fc   0x00000038   Code   RO         2596    i.USB_CoreReset     stm32f4xx_ll_usb.o
    0x08005234   0x0000006e   Code   RO         2598    i.USB_DeactivateEndpoint  stm32f4xx_ll_usb.o
    0x080052a2   0x00000018   Code   RO         2599    i.USB_DevConnect    stm32f4xx_ll_usb.o
    0x080052ba   0x00000018   Code   RO         2600    i.USB_DevDisconnect  stm32f4xx_ll_usb.o
    0x080052d2   0x00000002   PAD
    0x080052d4   0x00000144   Code   RO         2601    i.USB_DevInit       stm32f4xx_ll_usb.o
    0x08005418   0x0000000c   Code   RO         2602    i.USB_DisableGlobalInt  stm32f4xx_ll_usb.o
    0x08005424   0x00000140   Code   RO         2605    i.USB_EP0StartXfer  stm32f4xx_ll_usb.o
    0x08005564   0x0000003e   Code   RO         2606    i.USB_EP0_OutStart  stm32f4xx_ll_usb.o
    0x080055a2   0x00000064   Code   RO         2607    i.USB_EPClearStall  stm32f4xx_ll_usb.o
    0x08005606   0x0000005e   Code   RO         2608    i.USB_EPSetStall    stm32f4xx_ll_usb.o
    0x08005664   0x0000021c   Code   RO         2609    i.USB_EPStartXfer   stm32f4xx_ll_usb.o
    0x08005880   0x0000000c   Code   RO         2610    i.USB_EnableGlobalInt  stm32f4xx_ll_usb.o
    0x0800588c   0x00000020   Code   RO         2611    i.USB_FlushRxFifo   stm32f4xx_ll_usb.o
    0x080058ac   0x00000024   Code   RO         2612    i.USB_FlushTxFifo   stm32f4xx_ll_usb.o
    0x080058d0   0x0000003c   Code   RO         2614    i.USB_GetDevSpeed   stm32f4xx_ll_usb.o
    0x0800590c   0x00000008   Code   RO         2616    i.USB_GetMode       stm32f4xx_ll_usb.o
    0x08005914   0x0000000e   Code   RO         2623    i.USB_ReadDevAllInEpInterrupt  stm32f4xx_ll_usb.o
    0x08005922   0x0000000e   Code   RO         2624    i.USB_ReadDevAllOutEpInterrupt  stm32f4xx_ll_usb.o
    0x08005930   0x0000001e   Code   RO         2625    i.USB_ReadDevInEPInterrupt  stm32f4xx_ll_usb.o
    0x0800594e   0x00000010   Code   RO         2626    i.USB_ReadDevOutEPInterrupt  stm32f4xx_ll_usb.o
    0x0800595e   0x00000008   Code   RO         2627    i.USB_ReadInterrupts  stm32f4xx_ll_usb.o
    0x08005966   0x00000020   Code   RO         2628    i.USB_ReadPacket    stm32f4xx_ll_usb.o
    0x08005986   0x0000002c   Code   RO         2630    i.USB_SetCurrentMode  stm32f4xx_ll_usb.o
    0x080059b2   0x00000022   Code   RO         2631    i.USB_SetDevAddress  stm32f4xx_ll_usb.o
    0x080059d4   0x00000028   Code   RO         2635    i.USB_WritePacket   stm32f4xx_ll_usb.o
    0x080059fc   0x00000002   Code   RO         3731    i.UsageFault_Handler  stm32f4xx_it.o
    0x080059fe   0x0000000e   Code   RO         5481    i.__scatterload_copy  mc_w.l(handlers.o)
    0x08005a0c   0x00000002   Code   RO         5482    i.__scatterload_null  mc_w.l(handlers.o)
    0x08005a0e   0x0000000e   Code   RO         5483    i.__scatterload_zeroinit  mc_w.l(handlers.o)
    0x08005a1c   0x000000a8   Code   RO         4180    i.air_operated_Init  main.o
    0x08005ac4   0x00000050   Code   RO         5399    i.free              mc_w.l(malloc.o)
    0x08005b14   0x00000104   Code   RO         4181    i.main              main.o
    0x08005c18   0x0000006c   Code   RO         5400    i.malloc            mc_w.l(malloc.o)
    0x08005c84   0x00000010   Data   RO          351    .constdata          stm32f4xx_hal_rcc.o
    0x08005c94   0x00000008   Data   RO         1118    .constdata          stm32f4xx_hal_dma.o
    0x08005c9c   0x00000020   Data   RO         5479    Region$$Table       anon$$obj.o


    Execution Region RW_IRAM1 (Base: 0x20000000, Size: 0x00002348, Max: 0x00030000, ABSOLUTE, COMPRESSED[0x000000d0])

    Base Addr    Size         Type   Attr      Idx    E Section Name        Object

    0x20000000   0x00000004   Data   RW         2897    .data               stm32f4xx_hal.o
    0x20000004   0x000000db   Data   RW         3260    .data               usbd_cdc.o
    0x200000df   0x00000001   PAD
    0x200000e0   0x00000038   Data   RW         3261    .data               usbd_cdc.o
    0x20000118   0x00000001   Data   RW         3384    .data               usbd_ctlreq.o
    0x20000119   0x00000003   PAD
    0x2000011c   0x0000001c   Data   RW         4109    .data               usbd_desc.o
    0x20000138   0x00000016   Data   RW         4110    .data               usbd_desc.o
    0x2000014e   0x00000002   PAD
    0x20000150   0x0000009c   Data   RW         4189    .data               main.o
    0x200001ec   0x00000010   Data   RW         4362    .data               usbd_cdc_if.o
    0x200001fc   0x00000008   Data   RW         4363    .data               usbd_cdc_if.o
    0x20000204   0x00000004   Data   RW         4438    .data               can.o
    0x20000208   0x00000004   Data   RW         4689    .data               system_stm32f4xx.o
    0x2000020c   0x00000044   Data   RW         4883    .data               test_uart.o
    0x20000250   0x00000001   Data   RW         4891    .data               test_uart.o
    0x20000251   0x00000007   PAD
    0x20000258   0x000000b8   Data   RW         5017    .data               yaw_contral.o
    0x20000310   0x00000004   Data   RW         5466    .data               mc_w.l(mvars.o)
    0x20000314   0x00000004   Data   RW         5467    .data               mc_w.l(mvars.o)
    0x20000318   0x00000160   Zero   RW         3646    .bss                usart.o
    0x20000478   0x00000030   Zero   RW         3732    .bss                stm32f4xx_it.o
    0x200004a8   0x00000224   Zero   RW         3875    .bss                usb_device.o
    0x200006cc   0x000003b8   Zero   RW         3940    .bss                usbd_conf.o
    0x20000a84   0x00000080   Zero   RW         4108    .bss                usbd_desc.o
    0x20000b04   0x0000004e   Zero   RW         4185    .bss                main.o
    0x20000b52   0x00000002   PAD
    0x20000b54   0x00000080   Zero   RW         4437    .bss                can.o
    0x20000bd4   0x00000058   Zero   RW         4533    .bss                spi.o
    0x20000c2c   0x000001a4   Zero   RW         4582    .bss                tim.o
    0x20000dd0   0x00000080   Zero   RW         4728    .bss                test_can.o
    0x20000e50   0x000000f1   Zero   RW         4880    .bss                test_uart.o
    0x20000f41   0x00000007   PAD
    0x20000f48   0x00001000   Zero   RW            2    HEAP                startup_stm32f427xx.o
    0x20001f48   0x00000400   Zero   RW            1    STACK               startup_stm32f427xx.o


==============================================================================

Image component sizes


      Code (inc. data)   RO Data    RW Data    ZI Data      Debug   Object Name

       368         44          0          4        128       2230   can.o
        44          4          0          0          0        698   dma.o
       340         26          0          0          0       1087   gpio.o
       894        102          0        156         78       8587   main.o
       148         22          0          0         88       1497   spi.o
        36          8        428          0       5120        808   startup_stm32f427xx.o
       142         22          0          4          0       4003   stm32f4xx_hal.o
      1474         24          0          0          0       6377   stm32f4xx_hal_can.o
       228         14          0          0          0      31893   stm32f4xx_hal_cortex.o
      1094         22          8          0          0       7118   stm32f4xx_hal_dma.o
       496         58          0          0          0       3572   stm32f4xx_hal_gpio.o
        88          0          0          0          0        494   stm32f4xx_hal_msp.o
      2200         72          0          0          0     375073   stm32f4xx_hal_pcd.o
        76          0          0          0          0       1764   stm32f4xx_hal_pcd_ex.o
      1344         80         16          0          0       5679   stm32f4xx_hal_rcc.o
       128          0          0          0          0       1155   stm32f4xx_hal_spi.o
      1692         88          0          0          0      16160   stm32f4xx_hal_tim.o
       150          0          0          0          0       3054   stm32f4xx_hal_tim_ex.o
      2236         26          0          0          0      14557   stm32f4xx_hal_uart.o
       296         88          0          0         48      10676   stm32f4xx_it.o
      2326         52          0          0          0      19404   stm32f4xx_ll_usb.o
        84         18          0          4          0       1253   system_stm32f4xx.o
       380         28          0          0        128       2603   test_can.o
      1284         76          0         69        241       4391   test_uart.o
      1492        126          0          0        420       6584   tim.o
       564         82          0          0        352       3548   usart.o
        56         18          0          0        548       2307   usb_device.o
       542         22          0        275          0      16192   usbd_cdc.o
        68         14          0         24          0       2450   usbd_cdc_if.o
       558         16          0          0        952      13066   usbd_conf.o
       626          0          0          0          0      11506   usbd_core.o
       986         30          0          1          0       7736   usbd_ctlreq.o
       212        116          0         50        128       4891   usbd_desc.o
       132          0          0          0          0       4312   usbd_ioreq.o
         0          0          0        184          0       6969   yaw_contral.o

    ----------------------------------------------------------------------
     22824       1298        484        784       8240     603694   Object Totals
         0          0         32          0          0          0   (incl. Generated)
        40          0          0         13          9          0   (incl. Padding)

    ----------------------------------------------------------------------

      Code (inc. data)   RO Data    RW Data    ZI Data      Debug   Library Member Name

        86          0          0          0          0          0   __dczerorl2.o
         0          0          0          0          0          0   entry.o
         0          0          0          0          0          0   entry10a.o
         0          0          0          0          0          0   entry11a.o
         8          4          0          0          0          0   entry2.o
         4          0          0          0          0          0   entry5.o
         0          0          0          0          0          0   entry7b.o
         0          0          0          0          0          0   entry8b.o
         8          4          0          0          0          0   entry9a.o
        30          0          0          0          0          0   handlers.o
        36          8          0          0          0         68   init.o
       188         20          0          0          0        160   malloc.o
        36          0          0          0          0         68   memcpya.o
        36          0          0          0          0        108   memseta.o
         0          0          0          8          0          0   mvars.o

    ----------------------------------------------------------------------
       432         36          0          8          0        404   Library Totals
         0          0          0          0          0          0   (incl. Padding)

    ----------------------------------------------------------------------

      Code (inc. data)   RO Data    RW Data    ZI Data      Debug   Library Name

       432         36          0          8          0        404   mc_w.l

    ----------------------------------------------------------------------
       432         36          0          8          0        404   Library Totals

    ----------------------------------------------------------------------

==============================================================================


      Code (inc. data)   RO Data    RW Data    ZI Data      Debug   

     23256       1334        484        792       8240     578526   Grand Totals
     23256       1334        484        208       8240     578526   ELF Image Totals (compressed)
     23256       1334        484        208          0          0   ROM Totals

==============================================================================

    Total RO  Size (Code + RO Data)                23740 (  23.18kB)
    Total RW  Size (RW Data + ZI Data)              9032 (   8.82kB)
    Total ROM Size (Code + RO Data + RW Data)      23948 (  23.39kB)

==============================================================================

